[    0.000000] microcode: microcode updated early to revision 0xf0, date = 2021-11-12
[    0.000000] Linux version 5.17.15-76051715-generic (jenkins@warp.pop-os.org) (gcc (Ubuntu 11.2.0-19ubuntu1) 11.2.0, GNU ld (GNU Binutils for Ubuntu) 2.38) #202206141358~1655919116~22.04~1db9e34 SMP PREEMPT Wed Jun 22 19
[    0.000000] Command line: initrd=\EFI\Pop_OS-81dcc8c7-cc7a-40b6-92b8-0689b241d492\initrd.img root=UUID=81dcc8c7-cc7a-40b6-92b8-0689b241d492 ro quiet loglevel=0 systemd.show_status=false splash
[    0.000000] KERNEL supported cpus:
[    0.000000]   Intel GenuineIntel
[    0.000000]   AMD AuthenticAMD
[    0.000000]   Hygon HygonGenuine
[    0.000000]   Centaur CentaurHauls
[    0.000000]   zhaoxin   Shanghai  
[    0.000000] x86/fpu: Supporting XSAVE feature 0x001: 'x87 floating point registers'
[    0.000000] x86/fpu: Supporting XSAVE feature 0x002: 'SSE registers'
[    0.000000] x86/fpu: Supporting XSAVE feature 0x004: 'AVX registers'
[    0.000000] x86/fpu: Supporting XSAVE feature 0x008: 'MPX bounds registers'
[    0.000000] x86/fpu: Supporting XSAVE feature 0x010: 'MPX CSR'
[    0.000000] x86/fpu: xstate_offset[2]:  576, xstate_sizes[2]:  256
[    0.000000] x86/fpu: xstate_offset[3]:  832, xstate_sizes[3]:   64
[    0.000000] x86/fpu: xstate_offset[4]:  896, xstate_sizes[4]:   64
[    0.000000] x86/fpu: Enabled xstate features 0x1f, context size is 960 bytes, using 'compacted' format.
[    0.000000] signal: max sigframe size: 2032
[    0.000000] BIOS-provided physical RAM map:
[    0.000000] BIOS-e820: [mem 0x0000000000000000-0x0000000000057fff] usable
[    0.000000] BIOS-e820: [mem 0x0000000000058000-0x0000000000058fff] reserved
[    0.000000] BIOS-e820: [mem 0x0000000000059000-0x000000000009efff] usable
[    0.000000] BIOS-e820: [mem 0x000000000009f000-0x00000000000fffff] reserved
[    0.000000] BIOS-e820: [mem 0x0000000000100000-0x00000000bd477fff] usable
[    0.000000] BIOS-e820: [mem 0x00000000bd478000-0x00000000bd478fff] ACPI NVS
[    0.000000] BIOS-e820: [mem 0x00000000bd479000-0x00000000bd479fff] reserved
[    0.000000] BIOS-e820: [mem 0x00000000bd47a000-0x00000000c3732fff] usable
[    0.000000] BIOS-e820: [mem 0x00000000c3733000-0x00000000c45e2fff] reserved
[    0.000000] BIOS-e820: [mem 0x00000000c45e3000-0x00000000c4621fff] ACPI data
[    0.000000] BIOS-e820: [mem 0x00000000c4622000-0x00000000c4a79fff] ACPI NVS
[    0.000000] BIOS-e820: [mem 0x00000000c4a7a000-0x00000000c4ffdfff] reserved
[    0.000000] BIOS-e820: [mem 0x00000000c4ffe000-0x00000000c4ffefff] usable
[    0.000000] BIOS-e820: [mem 0x00000000c4fff000-0x00000000c7ffffff] reserved
[    0.000000] BIOS-e820: [mem 0x00000000f8000000-0x00000000fbffffff] reserved
[    0.000000] BIOS-e820: [mem 0x00000000fe000000-0x00000000fe010fff] reserved
[    0.000000] BIOS-e820: [mem 0x00000000fec00000-0x00000000fec00fff] reserved
[    0.000000] BIOS-e820: [mem 0x00000000fed00000-0x00000000fed00fff] reserved
[    0.000000] BIOS-e820: [mem 0x00000000fee00000-0x00000000fee00fff] reserved
[    0.000000] BIOS-e820: [mem 0x00000000ff000000-0x00000000ffffffff] reserved
[    0.000000] BIOS-e820: [mem 0x0000000100000000-0x0000000236ffffff] usable
[    0.000000] NX (Execute Disable) protection: active
[    0.000000] e820: update [mem 0xbc979018-0xbc989057] usable ==> usable
[    0.000000] e820: update [mem 0xbc979018-0xbc989057] usable ==> usable
[    0.000000] e820: update [mem 0xbc96f018-0xbc978657] usable ==> usable
[    0.000000] e820: update [mem 0xbc96f018-0xbc978657] usable ==> usable
[    0.000000] e820: update [mem 0xbc962018-0xbc96e857] usable ==> usable
[    0.000000] e820: update [mem 0xbc962018-0xbc96e857] usable ==> usable
[    0.000000] extended physical RAM map:
[    0.000000] reserve setup_data: [mem 0x0000000000000000-0x0000000000057fff] usable
[    0.000000] reserve setup_data: [mem 0x0000000000058000-0x0000000000058fff] reserved
[    0.000000] reserve setup_data: [mem 0x0000000000059000-0x000000000009efff] usable
[    0.000000] reserve setup_data: [mem 0x000000000009f000-0x00000000000fffff] reserved
[    0.000000] reserve setup_data: [mem 0x0000000000100000-0x00000000bc962017] usable
[    0.000000] reserve setup_data: [mem 0x00000000bc962018-0x00000000bc96e857] usable
[    0.000000] reserve setup_data: [mem 0x00000000bc96e858-0x00000000bc96f017] usable
[    0.000000] reserve setup_data: [mem 0x00000000bc96f018-0x00000000bc978657] usable
[    0.000000] reserve setup_data: [mem 0x00000000bc978658-0x00000000bc979017] usable
[    0.000000] reserve setup_data: [mem 0x00000000bc979018-0x00000000bc989057] usable
[    0.000000] reserve setup_data: [mem 0x00000000bc989058-0x00000000bd477fff] usable
[    0.000000] reserve setup_data: [mem 0x00000000bd478000-0x00000000bd478fff] ACPI NVS
[    0.000000] reserve setup_data: [mem 0x00000000bd479000-0x00000000bd479fff] reserved
[    0.000000] reserve setup_data: [mem 0x00000000bd47a000-0x00000000c3732fff] usable
[    0.000000] reserve setup_data: [mem 0x00000000c3733000-0x00000000c45e2fff] reserved
[    0.000000] reserve setup_data: [mem 0x00000000c45e3000-0x00000000c4621fff] ACPI data
[    0.000000] reserve setup_data: [mem 0x00000000c4622000-0x00000000c4a79fff] ACPI NVS
[    0.000000] reserve setup_data: [mem 0x00000000c4a7a000-0x00000000c4ffdfff] reserved
[    0.000000] reserve setup_data: [mem 0x00000000c4ffe000-0x00000000c4ffefff] usable
[    0.000000] reserve setup_data: [mem 0x00000000c4fff000-0x00000000c7ffffff] reserved
[    0.000000] reserve setup_data: [mem 0x00000000f8000000-0x00000000fbffffff] reserved
[    0.000000] reserve setup_data: [mem 0x00000000fe000000-0x00000000fe010fff] reserved
[    0.000000] reserve setup_data: [mem 0x00000000fec00000-0x00000000fec00fff] reserved
[    0.000000] reserve setup_data: [mem 0x00000000fed00000-0x00000000fed00fff] reserved
[    0.000000] reserve setup_data: [mem 0x00000000fee00000-0x00000000fee00fff] reserved
[    0.000000] reserve setup_data: [mem 0x00000000ff000000-0x00000000ffffffff] reserved
[    0.000000] reserve setup_data: [mem 0x0000000100000000-0x0000000236ffffff] usable
[    0.000000] efi: EFI v2.60 by American Megatrends
[    0.000000] efi: TPMFinalLog=0xc4a49000 ACPI 2.0=0xc45ef000 ACPI=0xc45ef000 SMBIOS=0xc4dee000 SMBIOS 3.0=0xc4ded000 ESRT=0xbf9e4618 MEMATTR=0xbf9a8018 RNG=0xc4dc8418 TPMEventLog=0xbd56c018 
[    0.000000] efi: seeding entropy pool
[    0.000000] random: crng init done
[    0.000000] SMBIOS 3.1.1 present.
[    0.000000] DMI: SAMSUNG ELECTRONICS CO., LTD. 340XAA/350XAA/550XAA/NP350XAA-XD1BR, BIOS P02REP.032.180315.ZW 03/15/2018
[    0.000000] tsc: Detected 1800.000 MHz processor
[    0.001156] e820: update [mem 0x00000000-0x00000fff] usable ==> reserved
[    0.001161] e820: remove [mem 0x000a0000-0x000fffff] usable
[    0.001176] last_pfn = 0x237000 max_arch_pfn = 0x400000000
[    0.001497] x86/PAT: Configuration [0-7]: WB  WC  UC- UC  WB  WP  UC- WT  
[    0.003160] last_pfn = 0xc4fff max_arch_pfn = 0x400000000
[    0.016634] found SMP MP-table at [mem 0x000fce60-0x000fce6f]
[    0.016656] esrt: Reserving ESRT space from 0x00000000bf9e4618 to 0x00000000bf9e4650.
[    0.016665] e820: update [mem 0xbf9e4000-0xbf9e4fff] usable ==> reserved
[    0.016693] Using GB pages for direct mapping
[    0.017888] Secure boot disabled
[    0.017889] RAMDISK: [mem 0x79232000-0x7fffffff]
[    0.017900] ACPI: Early table checksum verification disabled
[    0.017905] ACPI: RSDP 0x00000000C45EF000 000024 (v02 SECCSD)
[    0.017912] ACPI: XSDT 0x00000000C45EF0B8 0000F4 (v01 SECCSD LH43STAR 01072009 AMI  00010013)
[    0.017922] ACPI: FACP 0x00000000C460E4E8 000114 (v06 SECCSD LH43STAR 01072009 AMI  00010013)
[    0.017932] ACPI: DSDT 0x00000000C45EF240 01F2A2 (v02 SECCSD LH43STAR 01072009 INTL 20160422)
[    0.017938] ACPI: FACS 0x00000000C4A79E80 000040
[    0.017943] ACPI: APIC 0x00000000C460E600 0000BC (v03 SECCSD LH43STAR 01072009 AMI  00010013)
[    0.017949] ACPI: FPDT 0x00000000C460E6C0 000044 (v01 SECCSD LH43STAR 01072009 AMI  00010013)
[    0.017954] ACPI: FIDT 0x00000000C460E708 00009C (v01 SECCSD LH43STAR 01072009 AMI  00010013)
[    0.017959] ACPI: MCFG 0x00000000C460E7A8 00003C (v01 SECCSD LH43STAR 01072009 MSFT 00000097)
[    0.017965] ACPI: SSDT 0x00000000C460E7E8 000359 (v01 SataRe SataTabl 00001000 INTL 20160422)
[    0.017971] ACPI: SSDT 0x00000000C460EB48 00AAC7 (v02 DptfTa DptfTabl 00001000 INTL 20160422)
[    0.017976] ACPI: MSDM 0x00000000C4619610 000055 (v03 SECCSD LH43STAR 01072009 AMI  00010013)
[    0.017982] ACPI: SSDT 0x00000000C4619668 00395C (v02 SaSsdt SaSsdt   00003000 INTL 20160422)
[    0.017987] ACPI: HPET 0x00000000C461CFC8 000038 (v01 INTEL  KBL-ULT  00000001 MSFT 0000005F)
[    0.017993] ACPI: UEFI 0x00000000C461D000 000042 (v01 SECCSD LH43STAR 00000002      01000013)
[    0.017998] ACPI: SSDT 0x00000000C461D048 0017B4 (v02 CpuRef CpuSsdt  00003000 INTL 20160422)
[    0.018004] ACPI: LPIT 0x00000000C461E800 000094 (v01 INTEL  KBL-ULT  00000000 MSFT 0000005F)
[    0.018009] ACPI: SSDT 0x00000000C461E898 000141 (v02 INTEL  HdaDsp   00000000 INTL 20160422)
[    0.018015] ACPI: SSDT 0x00000000C461E9E0 00029F (v02 INTEL  sensrhub 00000000 INTL 20160422)
[    0.018020] ACPI: SSDT 0x00000000C461EC80 000517 (v02 INTEL  TbtTypeC 00000000 INTL 20160422)
[    0.018025] ACPI: DBGP 0x00000000C461F198 000034 (v01 INTEL           00000002 MSFT 0000005F)
[    0.018031] ACPI: DBG2 0x00000000C461F1D0 000054 (v00 INTEL           00000002 MSFT 0000005F)
[    0.018036] ACPI: SSDT 0x00000000C461F228 00076F (v02 SgRef  SgPch    00001000 INTL 20160422)
[    0.018042] ACPI: SSDT 0x00000000C461F998 000281 (v02 SgRef  SgUlx    00001000 INTL 20160422)
[    0.018047] ACPI: DMAR 0x00000000C461FC20 0000CC (v01 INTEL  EDK2     00000001 INTL 00000001)
[    0.018053] ACPI: NHLT 0x00000000C461FCF0 00002D (v00 INTEL  EDK2     00000002      01000013)
[    0.018058] ACPI: BGRT 0x00000000C461FD20 000038 (v01 SECCSD LH43STAR 01072009 AMI  00010013)
[    0.018063] ACPI: TPM2 0x00000000C461FD58 000034 (v03 SECCSD LH43STAR 00000001 AMI  00000000)
[    0.018069] ACPI: SSDT 0x00000000C461FD90 001742 (v01 OptRef OptTabl  00001000 INTL 20160422)
[    0.018074] ACPI: WSMT 0x00000000C46214D8 000028 (v01 SECCSD LH43STAR 01072009 AMI  00010013)
[    0.018079] ACPI: Reserving FACP table memory at [mem 0xc460e4e8-0xc460e5fb]
[    0.018082] ACPI: Reserving DSDT table memory at [mem 0xc45ef240-0xc460e4e1]
[    0.018084] ACPI: Reserving FACS table memory at [mem 0xc4a79e80-0xc4a79ebf]
[    0.018086] ACPI: Reserving APIC table memory at [mem 0xc460e600-0xc460e6bb]
[    0.018088] ACPI: Reserving FPDT table memory at [mem 0xc460e6c0-0xc460e703]
[    0.018090] ACPI: Reserving FIDT table memory at [mem 0xc460e708-0xc460e7a3]
[    0.018091] ACPI: Reserving MCFG table memory at [mem 0xc460e7a8-0xc460e7e3]
[    0.018093] ACPI: Reserving SSDT table memory at [mem 0xc460e7e8-0xc460eb40]
[    0.018095] ACPI: Reserving SSDT table memory at [mem 0xc460eb48-0xc461960e]
[    0.018097] ACPI: Reserving MSDM table memory at [mem 0xc4619610-0xc4619664]
[    0.018099] ACPI: Reserving SSDT table memory at [mem 0xc4619668-0xc461cfc3]
[    0.018100] ACPI: Reserving HPET table memory at [mem 0xc461cfc8-0xc461cfff]
[    0.018102] ACPI: Reserving UEFI table memory at [mem 0xc461d000-0xc461d041]
[    0.018104] ACPI: Reserving SSDT table memory at [mem 0xc461d048-0xc461e7fb]
[    0.018106] ACPI: Reserving LPIT table memory at [mem 0xc461e800-0xc461e893]
[    0.018108] ACPI: Reserving SSDT table memory at [mem 0xc461e898-0xc461e9d8]
[    0.018110] ACPI: Reserving SSDT table memory at [mem 0xc461e9e0-0xc461ec7e]
[    0.018112] ACPI: Reserving SSDT table memory at [mem 0xc461ec80-0xc461f196]
[    0.018114] ACPI: Reserving DBGP table memory at [mem 0xc461f198-0xc461f1cb]
[    0.018116] ACPI: Reserving DBG2 table memory at [mem 0xc461f1d0-0xc461f223]
[    0.018118] ACPI: Reserving SSDT table memory at [mem 0xc461f228-0xc461f996]
[    0.018119] ACPI: Reserving SSDT table memory at [mem 0xc461f998-0xc461fc18]
[    0.018121] ACPI: Reserving DMAR table memory at [mem 0xc461fc20-0xc461fceb]
[    0.018123] ACPI: Reserving NHLT table memory at [mem 0xc461fcf0-0xc461fd1c]
[    0.018125] ACPI: Reserving BGRT table memory at [mem 0xc461fd20-0xc461fd57]
[    0.018127] ACPI: Reserving TPM2 table memory at [mem 0xc461fd58-0xc461fd8b]
[    0.018129] ACPI: Reserving SSDT table memory at [mem 0xc461fd90-0xc46214d1]
[    0.018131] ACPI: Reserving WSMT table memory at [mem 0xc46214d8-0xc46214ff]
[    0.018470] No NUMA configuration found
[    0.018472] Faking a node at [mem 0x0000000000000000-0x0000000236ffffff]
[    0.018488] NODE_DATA(0) allocated [mem 0x236fd5000-0x236ffffff]
[    0.019094] Zone ranges:
[    0.019096]   DMA      [mem 0x0000000000001000-0x0000000000ffffff]
[    0.019100]   DMA32    [mem 0x0000000001000000-0x00000000ffffffff]
[    0.019103]   Normal   [mem 0x0000000100000000-0x0000000236ffffff]
[    0.019106]   Device   empty
[    0.019108] Movable zone start for each node
[    0.019112] Early memory node ranges
[    0.019113]   node   0: [mem 0x0000000000001000-0x0000000000057fff]
[    0.019116]   node   0: [mem 0x0000000000059000-0x000000000009efff]
[    0.019118]   node   0: [mem 0x0000000000100000-0x00000000bd477fff]
[    0.019120]   node   0: [mem 0x00000000bd47a000-0x00000000c3732fff]
[    0.019122]   node   0: [mem 0x00000000c4ffe000-0x00000000c4ffefff]
[    0.019124]   node   0: [mem 0x0000000100000000-0x0000000236ffffff]
[    0.019127] Initmem setup node 0 [mem 0x0000000000001000-0x0000000236ffffff]
[    0.019134] On node 0, zone DMA: 1 pages in unavailable ranges
[    0.019138] On node 0, zone DMA: 1 pages in unavailable ranges
[    0.019189] On node 0, zone DMA: 97 pages in unavailable ranges
[    0.029228] On node 0, zone DMA32: 2 pages in unavailable ranges
[    0.029374] On node 0, zone DMA32: 6347 pages in unavailable ranges
[    0.045750] On node 0, zone Normal: 12289 pages in unavailable ranges
[    0.045865] On node 0, zone Normal: 4096 pages in unavailable ranges
[    0.045879] Reserving Intel graphics memory at [mem 0xc6000000-0xc7ffffff]
[    0.046096] ACPI: PM-Timer IO Port: 0x1808
[    0.046107] ACPI: LAPIC_NMI (acpi_id[0x01] high edge lint[0x1])
[    0.046110] ACPI: LAPIC_NMI (acpi_id[0x02] high edge lint[0x1])
[    0.046112] ACPI: LAPIC_NMI (acpi_id[0x03] high edge lint[0x1])
[    0.046114] ACPI: LAPIC_NMI (acpi_id[0x04] high edge lint[0x1])
[    0.046115] ACPI: LAPIC_NMI (acpi_id[0x05] high edge lint[0x1])
[    0.046116] ACPI: LAPIC_NMI (acpi_id[0x06] high edge lint[0x1])
[    0.046118] ACPI: LAPIC_NMI (acpi_id[0x07] high edge lint[0x1])
[    0.046119] ACPI: LAPIC_NMI (acpi_id[0x08] high edge lint[0x1])
[    0.046147] IOAPIC[0]: apic_id 2, version 32, address 0xfec00000, GSI 0-119
[    0.046153] ACPI: INT_SRC_OVR (bus 0 bus_irq 0 global_irq 2 dfl dfl)
[    0.046156] ACPI: INT_SRC_OVR (bus 0 bus_irq 9 global_irq 9 high level)
[    0.046163] ACPI: Using ACPI (MADT) for SMP configuration information
[    0.046165] ACPI: HPET id: 0x8086a201 base: 0xfed00000
[    0.046177] e820: update [mem 0xc0398000-0xc03a5fff] usable ==> reserved
[    0.046196] TSC deadline timer available
[    0.046198] smpboot: Allowing 8 CPUs, 0 hotplug CPUs
[    0.046238] PM: hibernation: Registered nosave memory: [mem 0x00000000-0x00000fff]
[    0.046243] PM: hibernation: Registered nosave memory: [mem 0x00058000-0x00058fff]
[    0.046247] PM: hibernation: Registered nosave memory: [mem 0x0009f000-0x000fffff]
[    0.046250] PM: hibernation: Registered nosave memory: [mem 0xbc962000-0xbc962fff]
[    0.046253] PM: hibernation: Registered nosave memory: [mem 0xbc96e000-0xbc96efff]
[    0.046255] PM: hibernation: Registered nosave memory: [mem 0xbc96f000-0xbc96ffff]
[    0.046258] PM: hibernation: Registered nosave memory: [mem 0xbc978000-0xbc978fff]
[    0.046260] PM: hibernation: Registered nosave memory: [mem 0xbc979000-0xbc979fff]
[    0.046263] PM: hibernation: Registered nosave memory: [mem 0xbc989000-0xbc989fff]
[    0.046266] PM: hibernation: Registered nosave memory: [mem 0xbd478000-0xbd478fff]
[    0.046268] PM: hibernation: Registered nosave memory: [mem 0xbd479000-0xbd479fff]
[    0.046271] PM: hibernation: Registered nosave memory: [mem 0xbf9e4000-0xbf9e4fff]
[    0.046275] PM: hibernation: Registered nosave memory: [mem 0xc0398000-0xc03a5fff]
[    0.046278] PM: hibernation: Registered nosave memory: [mem 0xc3733000-0xc45e2fff]
[    0.046279] PM: hibernation: Registered nosave memory: [mem 0xc45e3000-0xc4621fff]
[    0.046281] PM: hibernation: Registered nosave memory: [mem 0xc4622000-0xc4a79fff]
[    0.046282] PM: hibernation: Registered nosave memory: [mem 0xc4a7a000-0xc4ffdfff]
[    0.046286] PM: hibernation: Registered nosave memory: [mem 0xc4fff000-0xc7ffffff]
[    0.046287] PM: hibernation: Registered nosave memory: [mem 0xc8000000-0xf7ffffff]
[    0.046288] PM: hibernation: Registered nosave memory: [mem 0xf8000000-0xfbffffff]
[    0.046290] PM: hibernation: Registered nosave memory: [mem 0xfc000000-0xfdffffff]
[    0.046291] PM: hibernation: Registered nosave memory: [mem 0xfe000000-0xfe010fff]
[    0.046293] PM: hibernation: Registered nosave memory: [mem 0xfe011000-0xfebfffff]
[    0.046294] PM: hibernation: Registered nosave memory: [mem 0xfec00000-0xfec00fff]
[    0.046295] PM: hibernation: Registered nosave memory: [mem 0xfec01000-0xfecfffff]
[    0.046297] PM: hibernation: Registered nosave memory: [mem 0xfed00000-0xfed00fff]
[    0.046298] PM: hibernation: Registered nosave memory: [mem 0xfed01000-0xfedfffff]
[    0.046300] PM: hibernation: Registered nosave memory: [mem 0xfee00000-0xfee00fff]
[    0.046301] PM: hibernation: Registered nosave memory: [mem 0xfee01000-0xfeffffff]
[    0.046302] PM: hibernation: Registered nosave memory: [mem 0xff000000-0xffffffff]
[    0.046305] [mem 0xc8000000-0xf7ffffff] available for PCI devices
[    0.046307] Booting paravirtualized kernel on bare hardware
[    0.046311] clocksource: refined-jiffies: mask: 0xffffffff max_cycles: 0xffffffff, max_idle_ns: 7645519600211568 ns
[    0.046324] setup_percpu: NR_CPUS:8192 nr_cpumask_bits:8 nr_cpu_ids:8 nr_node_ids:1
[    0.046643] percpu: Embedded 61 pages/cpu s212992 r8192 d28672 u262144
[    0.046657] pcpu-alloc: s212992 r8192 d28672 u262144 alloc=1*2097152
[    0.046662] pcpu-alloc: [0] 0 1 2 3 4 5 6 7 
[    0.046717] Fallback order for Node 0: 0 
[    0.046722] Built 1 zonelists, mobility grouping on.  Total pages: 2041749
[    0.046725] Policy zone: Normal
[    0.046727] Kernel command line: initrd=\EFI\Pop_OS-81dcc8c7-cc7a-40b6-92b8-0689b241d492\initrd.img root=UUID=81dcc8c7-cc7a-40b6-92b8-0689b241d492 ro quiet loglevel=0 systemd.show_status=false splash
[    0.046886] Unknown kernel command line parameters "splash", will be passed to user space.
[    0.047637] Dentry cache hash table entries: 1048576 (order: 11, 8388608 bytes, linear)
[    0.047998] Inode-cache hash table entries: 524288 (order: 10, 4194304 bytes, linear)
[    0.048138] mem auto-init: stack:off, heap alloc:on, heap free:off
[    0.088384] Memory: 7855684K/8297276K available (16392K kernel code, 4469K rwdata, 10924K rodata, 2780K init, 4880K bss, 441332K reserved, 0K cma-reserved)
[    0.088589] SLUB: HWalign=64, Order=0-3, MinObjects=0, CPUs=8, Nodes=1
[    0.088611] Kernel/User page tables isolation: enabled
[    0.088642] ftrace: allocating 51088 entries in 200 pages
[    0.103578] ftrace: allocated 200 pages with 3 groups
[    0.104851] Dynamic Preempt: voluntary
[    0.104903] rcu: Preemptible hierarchical RCU implementation.
[    0.104905] rcu: 	RCU restricting CPUs from NR_CPUS=8192 to nr_cpu_ids=8.
[    0.104907] 	Trampoline variant of Tasks RCU enabled.
[    0.104908] 	Rude variant of Tasks RCU enabled.
[    0.104909] 	Tracing variant of Tasks RCU enabled.
[    0.104911] rcu: RCU calculated value of scheduler-enlistment delay is 25 jiffies.
[    0.104912] rcu: Adjusting geometry for rcu_fanout_leaf=16, nr_cpu_ids=8
[    0.111757] NR_IRQS: 524544, nr_irqs: 2048, preallocated irqs: 16
[    0.112201] Console: colour dummy device 80x25
[    0.112234] printk: console [tty0] enabled
[    0.112265] ACPI: Core revision 20211217
[    0.112699] clocksource: hpet: mask: 0xffffffff max_cycles: 0xffffffff, max_idle_ns: 79635855245 ns
[    0.112773] APIC: Switch to symmetric I/O mode setup
[    0.112777] DMAR: Host address width 39
[    0.112779] DMAR: DRHD base: 0x000000fed90000 flags: 0x0
[    0.112787] DMAR: dmar0: reg_base_addr fed90000 ver 1:0 cap 1c0000c40660462 ecap 19e2ff0505e
[    0.112791] DMAR: DRHD base: 0x000000fed91000 flags: 0x1
[    0.112797] DMAR: dmar1: reg_base_addr fed91000 ver 1:0 cap d2008c40660462 ecap f050da
[    0.112801] DMAR: RMRR base: 0x000000c3d4b000 end: 0x000000c3d6afff
[    0.112804] DMAR: RMRR base: 0x000000c5800000 end: 0x000000c7ffffff
[    0.112806] DMAR: ANDD device: 1 name: \_SB.PCI0.I2C0
[    0.112810] DMAR-IR: IOAPIC id 2 under DRHD base  0xfed91000 IOMMU 1
[    0.112812] DMAR-IR: HPET id 0 under DRHD base 0xfed91000
[    0.112814] DMAR-IR: Queued invalidation will be enabled to support x2apic and Intr-remapping.
[    0.114628] DMAR-IR: Enabled IRQ remapping in x2apic mode
[    0.114631] x2apic enabled
[    0.114647] Switched APIC routing to cluster x2apic.
[    0.118730] ..TIMER: vector=0x30 apic1=0 pin1=2 apic2=-1 pin2=-1
[    0.136744] clocksource: tsc-early: mask: 0xffffffffffffffff max_cycles: 0x19f2297dd97, max_idle_ns: 440795236593 ns
[    0.136754] Calibrating delay loop (skipped), value calculated using timer frequency.. 3600.00 BogoMIPS (lpj=7200000)
[    0.136759] pid_max: default: 32768 minimum: 301
[    0.140794] LSM: Security Framework initializing
[    0.140812] landlock: Up and running.
[    0.140813] Yama: becoming mindful.
[    0.140848] AppArmor: AppArmor initialized
[    0.140916] Mount-cache hash table entries: 16384 (order: 5, 131072 bytes, linear)
[    0.140937] Mountpoint-cache hash table entries: 16384 (order: 5, 131072 bytes, linear)
[    0.141293] x86/cpu: SGX disabled by BIOS.
[    0.141303] CPU0: Thermal monitoring enabled (TM1)
[    0.141415] process: using mwait in idle threads
[    0.141419] Last level iTLB entries: 4KB 64, 2MB 8, 4MB 8
[    0.141421] Last level dTLB entries: 4KB 64, 2MB 0, 4MB 0, 1GB 4
[    0.141430] Spectre V1 : Mitigation: usercopy/swapgs barriers and __user pointer sanitization
[    0.141433] Spectre V2 : Mitigation: Retpolines
[    0.141435] Spectre V2 : Spectre v2 / SpectreRSB mitigation: Filling RSB on context switch
[    0.141436] Spectre V2 : Enabling Restricted Speculation for firmware calls
[    0.141438] Spectre V2 : mitigation: Enabling conditional Indirect Branch Prediction Barrier
[    0.141440] Spectre V2 : User space: Mitigation: STIBP via prctl
[    0.141442] Speculative Store Bypass: Mitigation: Speculative Store Bypass disabled via prctl
[    0.141453] SRBDS: Mitigation: Microcode
[    0.141455] MDS: Mitigation: Clear CPU buffers
[    0.146017] Freeing SMP alternatives memory: 40K
[    0.147285] smpboot: Estimated ratio of average max frequency by base frequency (times 1024): 1934
[    0.147299] smpboot: CPU0: Intel(R) Core(TM) i5-8250U CPU @ 1.60GHz (family: 0x6, model: 0x8e, stepping: 0xa)
[    0.147508] cblist_init_generic: Setting adjustable number of callback queues.
[    0.147511] cblist_init_generic: Setting shift to 3 and lim to 1.
[    0.147533] cblist_init_generic: Setting shift to 3 and lim to 1.
[    0.147554] cblist_init_generic: Setting shift to 3 and lim to 1.
[    0.147577] Performance Events: PEBS fmt3+, Skylake events, 32-deep LBR, full-width counters, Intel PMU driver.
[    0.147614] ... version:                4
[    0.147615] ... bit width:              48
[    0.147616] ... generic registers:      4
[    0.147618] ... value mask:             0000ffffffffffff
[    0.147620] ... max period:             00007fffffffffff
[    0.147621] ... fixed-purpose events:   3
[    0.147622] ... event mask:             000000070000000f
[    0.147791] rcu: Hierarchical SRCU implementation.
[    0.148749] NMI watchdog: Enabled. Permanently consumes one hw-PMU counter.
[    0.148749] smp: Bringing up secondary CPUs ...
[    0.148749] x86: Booting SMP configuration:
[    0.148749] .... node  #0, CPUs:      #1 #2 #3 #4
[    0.161213] MDS CPU bug present and SMT on, data leak possible. See https://www.kernel.org/doc/html/latest/admin-guide/hw-vuln/mds.html for more details.
[    0.161213]  #5 #6 #7
[    0.161639] smp: Brought up 1 node, 8 CPUs
[    0.161639] smpboot: Max logical packages: 1
[    0.161639] smpboot: Total of 8 processors activated (28800.00 BogoMIPS)
[    0.165262] devtmpfs: initialized
[    0.165262] x86/mm: Memory block size: 128MB
[    0.165814] ACPI: PM: Registering ACPI NVS region [mem 0xbd478000-0xbd478fff] (4096 bytes)
[    0.165814] ACPI: PM: Registering ACPI NVS region [mem 0xc4622000-0xc4a79fff] (4554752 bytes)
[    0.165814] clocksource: jiffies: mask: 0xffffffff max_cycles: 0xffffffff, max_idle_ns: 7645041785100000 ns
[    0.165814] futex hash table entries: 2048 (order: 5, 131072 bytes, linear)
[    0.165814] pinctrl core: initialized pinctrl subsystem
[    0.165814] PM: RTC time: 10:03:30, date: 2022-07-01
[    0.165814] NET: Registered PF_NETLINK/PF_ROUTE protocol family
[    0.165834] DMA: preallocated 1024 KiB GFP_KERNEL pool for atomic allocations
[    0.165943] DMA: preallocated 1024 KiB GFP_KERNEL|GFP_DMA pool for atomic allocations
[    0.166048] DMA: preallocated 1024 KiB GFP_KERNEL|GFP_DMA32 pool for atomic allocations
[    0.166059] audit: initializing netlink subsys (disabled)
[    0.166071] audit: type=2000 audit(1656669810.052:1): state=initialized audit_enabled=0 res=1
[    0.166071] thermal_sys: Registered thermal governor 'fair_share'
[    0.166071] thermal_sys: Registered thermal governor 'bang_bang'
[    0.166071] thermal_sys: Registered thermal governor 'step_wise'
[    0.166071] thermal_sys: Registered thermal governor 'user_space'
[    0.166071] thermal_sys: Registered thermal governor 'power_allocator'
[    0.166071] EISA bus registered
[    0.166071] cpuidle: using governor ladder
[    0.166071] cpuidle: using governor menu
[    0.166071] ACPI FADT declares the system doesn't support PCIe ASPM, so disable it
[    0.166071] acpiphp: ACPI Hot Plug PCI Controller Driver version: 0.5
[    0.166071] PCI: MMCONFIG for domain 0000 [bus 00-3f] at [mem 0xf8000000-0xfbffffff] (base 0xf8000000)
[    0.166071] PCI: MMCONFIG at [mem 0xf8000000-0xfbffffff] reserved in E820
[    0.166071] PCI: Using configuration type 1 for base access
[    0.168897] ENERGY_PERF_BIAS: Set to 'normal', was 'performance'
[    0.170933] kprobes: kprobe jump-optimization is enabled. All kprobes are optimized if possible.
[    0.170945] HugeTLB registered 1.00 GiB page size, pre-allocated 0 pages
[    0.170945] HugeTLB registered 2.00 MiB page size, pre-allocated 0 pages
[    0.170945] ACPI: Added _OSI(Module Device)
[    0.170945] ACPI: Added _OSI(Processor Device)
[    0.170945] ACPI: Added _OSI(3.0 _SCP Extensions)
[    0.170945] ACPI: Added _OSI(Processor Aggregator Device)
[    0.170945] ACPI: Added _OSI(Linux-Dell-Video)
[    0.170945] ACPI: Added _OSI(Linux-Lenovo-NV-HDMI-Audio)
[    0.170945] ACPI: Added _OSI(Linux-HPI-Hybrid-Graphics)
[    0.252355] ACPI: 11 ACPI AML tables successfully acquired and loaded
[    0.257923] ACPI: [Firmware Bug]: BIOS _OSI(Linux) query ignored
[    0.293742] ACPI: Dynamic OEM Table Load:
[    0.293755] ACPI: SSDT 0xFFFF8E248125A000 00058B (v02 PmRef  Cpu0Ist  00003000 INTL 20160422)
[    0.296460] ACPI: \_PR_.PR00: _OSC native thermal LVT Acked
[    0.299126] ACPI: Dynamic OEM Table Load:
[    0.299137] ACPI: SSDT 0xFFFF8E248125D800 000458 (v02 PmRef  Cpu0Cst  00003001 INTL 20160422)
[    0.301752] ACPI: Dynamic OEM Table Load:
[    0.301762] ACPI: SSDT 0xFFFF8E248148C180 0000BA (v02 PmRef  Cpu0Hwp  00003000 INTL 20160422)
[    0.304194] ACPI: Dynamic OEM Table Load:
[    0.304204] ACPI: SSDT 0xFFFF8E248125E800 000628 (v02 PmRef  HwpLvt   00003000 INTL 20160422)
[    0.307456] ACPI: Dynamic OEM Table Load:
[    0.307471] ACPI: SSDT 0xFFFF8E2480187000 000D14 (v02 PmRef  ApIst    00003000 INTL 20160422)
[    0.311651] ACPI: Dynamic OEM Table Load:
[    0.311662] ACPI: SSDT 0xFFFF8E248124BC00 000317 (v02 PmRef  ApHwp    00003000 INTL 20160422)
[    0.314351] ACPI: Dynamic OEM Table Load:
[    0.314360] ACPI: SSDT 0xFFFF8E248124E400 00030A (v02 PmRef  ApCst    00003000 INTL 20160422)
[    0.323230] ACPI: EC: EC started
[    0.323232] ACPI: EC: interrupt blocked
[    0.356472] ACPI: EC: EC_CMD/EC_SC=0x66, EC_DATA=0x62
[    0.356477] ACPI: \_SB_.PCI0.LPCB.H_EC: Boot DSDT EC used to handle transactions
[    0.356479] ACPI: Interpreter enabled
[    0.356564] ACPI: PM: (supports S0 S3 S4 S5)
[    0.356566] ACPI: Using IOAPIC for interrupt routing
[    0.356664] PCI: Using host bridge windows from ACPI; if necessary, use "pci=nocrs" and report a bug
[    0.358322] ACPI: Enabled 7 GPEs in block 00 to 7F
[    0.375289] ACPI: PM: Power Resource [PC01]
[    0.410166] ACPI: PM: Power Resource [FN00]
[    0.410301] ACPI: PM: Power Resource [FN01]
[    0.412890] ACPI: PCI Root Bridge [PCI0] (domain 0000 [bus 00-3e])
[    0.412904] acpi PNP0A08:00: _OSC: OS supports [ExtendedConfig ASPM ClockPM Segments MSI HPX-Type3]
[    0.413116] acpi PNP0A08:00: _OSC: platform does not support [PCIeHotplug SHPCHotplug PME]
[    0.413492] acpi PNP0A08:00: _OSC: OS now controls [AER PCIeCapability LTR]
[    0.413495] acpi PNP0A08:00: FADT indicates ASPM is unsupported, using BIOS configuration
[    0.415095] PCI host bridge to bus 0000:00
[    0.415099] pci_bus 0000:00: root bus resource [io  0x0000-0x0cf7 window]
[    0.415103] pci_bus 0000:00: root bus resource [io  0x0d00-0xffff window]
[    0.415106] pci_bus 0000:00: root bus resource [mem 0x000a0000-0x000bffff window]
[    0.415108] pci_bus 0000:00: root bus resource [mem 0xc8000000-0xf7ffffff window]
[    0.415111] pci_bus 0000:00: root bus resource [mem 0xfd000000-0xfe7fffff window]
[    0.415113] pci_bus 0000:00: root bus resource [bus 00-3e]
[    0.415137] pci 0000:00:00.0: [8086:5914] type 00 class 0x060000
[    0.415259] pci 0000:00:02.0: [8086:5917] type 00 class 0x030000
[    0.415275] pci 0000:00:02.0: reg 0x10: [mem 0xf5000000-0xf5ffffff 64bit]
[    0.415286] pci 0000:00:02.0: reg 0x18: [mem 0xd0000000-0xdfffffff 64bit pref]
[    0.415293] pci 0000:00:02.0: reg 0x20: [io  0xf000-0xf03f]
[    0.415323] pci 0000:00:02.0: BAR 2: assigned to efifb
[    0.415328] pci 0000:00:02.0: Video device with shadowed ROM at [mem 0x000c0000-0x000dffff]
[    0.415624] pci 0000:00:04.0: [8086:1903] type 00 class 0x118000
[    0.415641] pci 0000:00:04.0: reg 0x10: [mem 0xf7120000-0xf7127fff 64bit]
[    0.416168] pci 0000:00:14.0: [8086:9d2f] type 00 class 0x0c0330
[    0.416194] pci 0000:00:14.0: reg 0x10: [mem 0xf7110000-0xf711ffff 64bit]
[    0.416282] pci 0000:00:14.0: PME# supported from D3hot D3cold
[    0.417463] pci 0000:00:14.2: [8086:9d31] type 00 class 0x118000
[    0.417487] pci 0000:00:14.2: reg 0x10: [mem 0xf7137000-0xf7137fff 64bit]
[    0.417787] pci 0000:00:15.0: [8086:9d60] type 00 class 0x118000
[    0.417995] pci 0000:00:15.0: reg 0x10: [mem 0xf7136000-0xf7136fff 64bit]
[    0.419268] pci 0000:00:16.0: [8086:9d3a] type 00 class 0x078000
[    0.419294] pci 0000:00:16.0: reg 0x10: [mem 0xf7135000-0xf7135fff 64bit]
[    0.419386] pci 0000:00:16.0: PME# supported from D3hot
[    0.419822] pci 0000:00:17.0: [8086:9d03] type 00 class 0x010601
[    0.419841] pci 0000:00:17.0: reg 0x10: [mem 0xf7130000-0xf7131fff]
[    0.419852] pci 0000:00:17.0: reg 0x14: [mem 0xf7134000-0xf71340ff]
[    0.419862] pci 0000:00:17.0: reg 0x18: [io  0xf090-0xf097]
[    0.419872] pci 0000:00:17.0: reg 0x1c: [io  0xf080-0xf083]
[    0.419882] pci 0000:00:17.0: reg 0x20: [io  0xf060-0xf07f]
[    0.419892] pci 0000:00:17.0: reg 0x24: [mem 0xf7133000-0xf71337ff]
[    0.419949] pci 0000:00:17.0: PME# supported from D3hot
[    0.420448] pci 0000:00:1c.0: [8086:9d10] type 01 class 0x060400
[    0.420550] pci 0000:00:1c.0: PME# supported from D0 D3hot D3cold
[    0.421492] pci 0000:00:1c.4: [8086:9d14] type 01 class 0x060400
[    0.421598] pci 0000:00:1c.4: PME# supported from D0 D3hot D3cold
[    0.422502] pci 0000:00:1c.5: [8086:9d15] type 01 class 0x060400
[    0.422606] pci 0000:00:1c.5: PME# supported from D0 D3hot D3cold
[    0.423538] pci 0000:00:1f.0: [8086:9d4e] type 00 class 0x060100
[    0.424082] pci 0000:00:1f.2: [8086:9d21] type 00 class 0x058000
[    0.424100] pci 0000:00:1f.2: reg 0x10: [mem 0xf712c000-0xf712ffff]
[    0.424556] pci 0000:00:1f.3: [8086:9d71] type 00 class 0x040100
[    0.424582] pci 0000:00:1f.3: reg 0x10: [mem 0xf7128000-0xf712bfff 64bit]
[    0.424613] pci 0000:00:1f.3: reg 0x20: [mem 0xf7100000-0xf710ffff 64bit]
[    0.424674] pci 0000:00:1f.3: PME# supported from D3hot D3cold
[    0.426161] pci 0000:00:1f.4: [8086:9d23] type 00 class 0x0c0500
[    0.426222] pci 0000:00:1f.4: reg 0x10: [mem 0xf7132000-0xf71320ff 64bit]
[    0.426295] pci 0000:00:1f.4: reg 0x20: [io  0xf040-0xf05f]
[    0.426875] pci 0000:01:00.0: [10de:174e] type 00 class 0x030200
[    0.426895] pci 0000:01:00.0: reg 0x10: [mem 0xf6000000-0xf6ffffff]
[    0.426911] pci 0000:01:00.0: reg 0x14: [mem 0xe0000000-0xefffffff 64bit pref]
[    0.426927] pci 0000:01:00.0: reg 0x1c: [mem 0xf0000000-0xf1ffffff 64bit pref]
[    0.426938] pci 0000:01:00.0: reg 0x24: [io  0xe000-0xe07f]
[    0.426949] pci 0000:01:00.0: reg 0x30: [mem 0xf7000000-0xf707ffff pref]
[    0.426978] pci 0000:01:00.0: Enabling HDA controller
[    0.427614] pci 0000:00:1c.0: PCI bridge to [bus 01]
[    0.427620] pci 0000:00:1c.0:   bridge window [io  0xe000-0xefff]
[    0.427624] pci 0000:00:1c.0:   bridge window [mem 0xf6000000-0xf70fffff]
[    0.427631] pci 0000:00:1c.0:   bridge window [mem 0xe0000000-0xf1ffffff 64bit pref]
[    0.427792] pci 0000:02:00.0: [10ec:8136] type 00 class 0x020000
[    0.427817] pci 0000:02:00.0: reg 0x10: [io  0xd000-0xd0ff]
[    0.427849] pci 0000:02:00.0: reg 0x18: [mem 0xf7400000-0xf7400fff 64bit]
[    0.427869] pci 0000:02:00.0: reg 0x20: [mem 0xf2100000-0xf2103fff 64bit pref]
[    0.427994] pci 0000:02:00.0: supports D1 D2
[    0.427997] pci 0000:02:00.0: PME# supported from D0 D1 D2 D3hot D3cold
[    0.428189] pci 0000:00:1c.4: PCI bridge to [bus 02]
[    0.428193] pci 0000:00:1c.4:   bridge window [io  0xd000-0xdfff]
[    0.428197] pci 0000:00:1c.4:   bridge window [mem 0xf7400000-0xf74fffff]
[    0.428203] pci 0000:00:1c.4:   bridge window [mem 0xf2100000-0xf21fffff 64bit pref]
[    0.428676] pci 0000:03:00.0: [168c:0042] type 00 class 0x028000
[    0.432973] pci 0000:03:00.0: reg 0x10: [mem 0xf7200000-0xf73fffff 64bit]
[    0.434573] pci 0000:03:00.0: PME# supported from D0 D3hot D3cold
[    0.436017] pci 0000:00:1c.5: PCI bridge to [bus 03]
[    0.436024] pci 0000:00:1c.5:   bridge window [mem 0xf7200000-0xf73fffff]
[    0.440501] ACPI: PCI: Interrupt link LNKA configured for IRQ 11
[    0.440615] ACPI: PCI: Interrupt link LNKB configured for IRQ 10
[    0.440725] ACPI: PCI: Interrupt link LNKC configured for IRQ 11
[    0.440842] ACPI: PCI: Interrupt link LNKD configured for IRQ 11
[    0.440951] ACPI: PCI: Interrupt link LNKE configured for IRQ 11
[    0.441060] ACPI: PCI: Interrupt link LNKF configured for IRQ 11
[    0.441169] ACPI: PCI: Interrupt link LNKG configured for IRQ 11
[    0.441279] ACPI: PCI: Interrupt link LNKH configured for IRQ 11
[    0.443024] ACPI: EC: interrupt unblocked
[    0.443026] ACPI: EC: event unblocked
[    0.443061] ACPI: EC: 0 stale EC events cleared
[    0.443061] ACPI: EC: EC_CMD/EC_SC=0x66, EC_DATA=0x62
[    0.443061] ACPI: EC: GPE=0xf
[    0.443061] ACPI: \_SB_.PCI0.LPCB.H_EC: Boot DSDT EC initialization complete
[    0.443061] ACPI: \_SB_.PCI0.LPCB.H_EC: EC: Used to handle transactions and events
[    0.443061] iommu: Default domain type: Translated 
[    0.443061] iommu: DMA domain TLB invalidation policy: lazy mode 
[    0.443061] pci 0000:00:02.0: vgaarb: setting as boot VGA device
[    0.443061] pci 0000:00:02.0: vgaarb: VGA device added: decodes=io+mem,owns=io+mem,locks=none
[    0.443061] pci 0000:00:02.0: vgaarb: bridge control possible
[    0.443061] vgaarb: loaded
[    0.443061] SCSI subsystem initialized
[    0.443061] libata version 3.00 loaded.
[    0.443061] ACPI: bus type USB registered
[    0.443061] usbcore: registered new interface driver usbfs
[    0.443061] usbcore: registered new interface driver hub
[    0.443061] usbcore: registered new device driver usb
[    0.443061] pps_core: LinuxPPS API ver. 1 registered
[    0.443061] pps_core: Software ver. 5.3.6 - Copyright 2005-2007 Rodolfo Giometti <giometti@linux.it>
[    0.443061] PTP clock support registered
[    0.443061] EDAC MC: Ver: 3.0.0
[    0.443061] Registered efivars operations
[    0.443061] NetLabel: Initializing
[    0.443061] NetLabel:  domain hash size = 128
[    0.443061] NetLabel:  protocols = UNLABELED CIPSOv4 CALIPSO
[    0.443061] NetLabel:  unlabeled traffic allowed by default
[    0.443061] mctp: management component transport protocol core
[    0.443061] NET: Registered PF_MCTP protocol family
[    0.443061] PCI: Using ACPI for IRQ routing
[    0.448750] PCI: pci_cache_line_size set to 64 bytes
[    0.448750] e820: reserve RAM buffer [mem 0x00058000-0x0005ffff]
[    0.448750] e820: reserve RAM buffer [mem 0x0009f000-0x0009ffff]
[    0.448750] e820: reserve RAM buffer [mem 0xbc962018-0xbfffffff]
[    0.448750] e820: reserve RAM buffer [mem 0xbc96f018-0xbfffffff]
[    0.448750] e820: reserve RAM buffer [mem 0xbc979018-0xbfffffff]
[    0.448750] e820: reserve RAM buffer [mem 0xbd478000-0xbfffffff]
[    0.448750] e820: reserve RAM buffer [mem 0xbf9e4000-0xbfffffff]
[    0.448750] e820: reserve RAM buffer [mem 0xc0398000-0xc3ffffff]
[    0.448750] e820: reserve RAM buffer [mem 0xc3733000-0xc3ffffff]
[    0.448750] e820: reserve RAM buffer [mem 0xc4fff000-0xc7ffffff]
[    0.448750] e820: reserve RAM buffer [mem 0x237000000-0x237ffffff]
[    0.449917] hpet0: at MMIO 0xfed00000, IRQs 2, 8, 0, 0, 0, 0, 0, 0
[    0.449929] hpet0: 8 comparators, 64-bit 24.000000 MHz counter
[    0.456798] clocksource: Switched to clocksource tsc-early
[    0.472187] VFS: Disk quotas dquot_6.6.0
[    0.472222] VFS: Dquot-cache hash table entries: 512 (order 0, 4096 bytes)
[    0.472471] AppArmor: AppArmor Filesystem Enabled
[    0.472557] pnp: PnP ACPI init
[    0.473335] system 00:00: [io  0x0680-0x069f] has been reserved
[    0.473344] system 00:00: [io  0xffff] has been reserved
[    0.473349] system 00:00: [io  0xffff] has been reserved
[    0.473354] system 00:00: [io  0xffff] has been reserved
[    0.473358] system 00:00: [io  0x1800-0x18fe] has been reserved
[    0.473362] system 00:00: [io  0x164e-0x164f] has been reserved
[    0.473754] system 00:02: [io  0x1854-0x1857] has been reserved
[    0.475415] system 00:04: [mem 0xfed10000-0xfed17fff] has been reserved
[    0.475422] system 00:04: [mem 0xfed18000-0xfed18fff] has been reserved
[    0.475427] system 00:04: [mem 0xfed19000-0xfed19fff] has been reserved
[    0.475433] system 00:04: [mem 0xf8000000-0xfbffffff] has been reserved
[    0.475437] system 00:04: [mem 0xfed20000-0xfed3ffff] has been reserved
[    0.475443] system 00:04: [mem 0xfed90000-0xfed93fff] could not be reserved
[    0.475448] system 00:04: [mem 0xfed45000-0xfed8ffff] has been reserved
[    0.475453] system 00:04: [mem 0xff000000-0xffffffff] has been reserved
[    0.475458] system 00:04: [mem 0xfee00000-0xfeefffff] could not be reserved
[    0.475463] system 00:04: [mem 0xf7fe0000-0xf7ffffff] has been reserved
[    0.475596] system 00:05: [mem 0xfd000000-0xfdabffff] has been reserved
[    0.475603] system 00:05: [mem 0xfdad0000-0xfdadffff] has been reserved
[    0.475607] system 00:05: [mem 0xfdb00000-0xfdffffff] has been reserved
[    0.475612] system 00:05: [mem 0xfe000000-0xfe01ffff] could not be reserved
[    0.475618] system 00:05: [mem 0xfe036000-0xfe03bfff] has been reserved
[    0.475622] system 00:05: [mem 0xfe03d000-0xfe3fffff] has been reserved
[    0.475627] system 00:05: [mem 0xfe410000-0xfe7fffff] has been reserved
[    0.476498] system 00:06: [io  0xff00-0xfffe] has been reserved
[    0.482117] system 00:09: [io  0x0a00-0x0a07] has been reserved
[    0.483911] pnp: PnP ACPI: found 10 devices
[    0.490834] clocksource: acpi_pm: mask: 0xffffff max_cycles: 0xffffff, max_idle_ns: 2085701024 ns
[    0.490938] NET: Registered PF_INET protocol family
[    0.491092] IP idents hash table entries: 131072 (order: 8, 1048576 bytes, linear)
[    0.492864] tcp_listen_portaddr_hash hash table entries: 4096 (order: 4, 65536 bytes, linear)
[    0.492905] Table-perturb hash table entries: 65536 (order: 6, 262144 bytes, linear)
[    0.492977] TCP established hash table entries: 65536 (order: 7, 524288 bytes, linear)
[    0.493173] TCP bind hash table entries: 65536 (order: 8, 1048576 bytes, linear)
[    0.493291] TCP: Hash tables configured (established 65536 bind 65536)
[    0.493390] MPTCP token hash table entries: 8192 (order: 5, 196608 bytes, linear)
[    0.493444] UDP hash table entries: 4096 (order: 5, 131072 bytes, linear)
[    0.493481] UDP-Lite hash table entries: 4096 (order: 5, 131072 bytes, linear)
[    0.493554] NET: Registered PF_UNIX/PF_LOCAL protocol family
[    0.493564] NET: Registered PF_XDP protocol family
[    0.493581] pci 0000:00:1c.0: PCI bridge to [bus 01]
[    0.493587] pci 0000:00:1c.0:   bridge window [io  0xe000-0xefff]
[    0.493593] pci 0000:00:1c.0:   bridge window [mem 0xf6000000-0xf70fffff]
[    0.493598] pci 0000:00:1c.0:   bridge window [mem 0xe0000000-0xf1ffffff 64bit pref]
[    0.493604] pci 0000:00:1c.4: PCI bridge to [bus 02]
[    0.493607] pci 0000:00:1c.4:   bridge window [io  0xd000-0xdfff]
[    0.493612] pci 0000:00:1c.4:   bridge window [mem 0xf7400000-0xf74fffff]
[    0.493616] pci 0000:00:1c.4:   bridge window [mem 0xf2100000-0xf21fffff 64bit pref]
[    0.493623] pci 0000:00:1c.5: PCI bridge to [bus 03]
[    0.493628] pci 0000:00:1c.5:   bridge window [mem 0xf7200000-0xf73fffff]
[    0.493636] pci_bus 0000:00: resource 4 [io  0x0000-0x0cf7 window]
[    0.493639] pci_bus 0000:00: resource 5 [io  0x0d00-0xffff window]
[    0.493642] pci_bus 0000:00: resource 6 [mem 0x000a0000-0x000bffff window]
[    0.493644] pci_bus 0000:00: resource 7 [mem 0xc8000000-0xf7ffffff window]
[    0.493647] pci_bus 0000:00: resource 8 [mem 0xfd000000-0xfe7fffff window]
[    0.493649] pci_bus 0000:01: resource 0 [io  0xe000-0xefff]
[    0.493651] pci_bus 0000:01: resource 1 [mem 0xf6000000-0xf70fffff]
[    0.493654] pci_bus 0000:01: resource 2 [mem 0xe0000000-0xf1ffffff 64bit pref]
[    0.493656] pci_bus 0000:02: resource 0 [io  0xd000-0xdfff]
[    0.493658] pci_bus 0000:02: resource 1 [mem 0xf7400000-0xf74fffff]
[    0.493660] pci_bus 0000:02: resource 2 [mem 0xf2100000-0xf21fffff 64bit pref]
[    0.493663] pci_bus 0000:03: resource 1 [mem 0xf7200000-0xf73fffff]
[    0.494555] PCI: CLS 64 bytes, default 64
[    0.494590] DMAR: ACPI device "device:70" under DMAR at fed91000 as 00:15.0
[    0.494621] PCI-DMA: Using software bounce buffering for IO (SWIOTLB)
[    0.494624] software IO TLB: mapped [mem 0x00000000b8962000-0x00000000bc962000] (64MB)
[    0.494644] Trying to unpack rootfs image as initramfs...
[    0.495736] Initialise system trusted keyrings
[    0.495750] Key type blacklist registered
[    0.495805] workingset: timestamp_bits=36 max_order=21 bucket_order=0
[    0.497799] zbud: loaded
[    0.498261] squashfs: version 4.0 (2009/01/31) Phillip Lougher
[    0.498472] fuse: init (API version 7.36)
[    0.498694] integrity: Platform Keyring initialized
[    0.514008] Key type asymmetric registered
[    0.514010] Asymmetric key parser 'x509' registered
[    1.516769] tsc: Refined TSC clocksource calibration: 1800.000 MHz
[    1.516783] clocksource: tsc: mask: 0xffffffffffffffff max_cycles: 0x19f2297dd97, max_idle_ns: 440795236593 ns
[    1.517006] clocksource: Switched to clocksource tsc
[    1.549056] Freeing initrd memory: 112440K
[    1.553944] alg: self-tests for CTR-KDF (hmac(sha256)) passed
[    1.553976] Block layer SCSI generic (bsg) driver version 0.4 loaded (major 243)
[    1.554020] io scheduler mq-deadline registered
[    1.554814] pcieport 0000:00:1c.0: AER: enabled with IRQ 122
[    1.555205] pcieport 0000:00:1c.4: AER: enabled with IRQ 123
[    1.555596] pcieport 0000:00:1c.5: AER: enabled with IRQ 124
[    1.555719] shpchp: Standard Hot Plug PCI Controller Driver version: 0.4
[    1.556796] ACPI: AC: AC Adapter [ADP1] (on-line)
[    1.556902] input: Lid Switch as /devices/LNXSYSTM:00/LNXSYBUS:00/PNP0C0D:00/input/input0
[    1.556935] ACPI: button: Lid Switch [LID0]
[    1.556975] input: Power Button as /devices/LNXSYSTM:00/LNXSYBUS:00/PNP0C0C:00/input/input1
[    1.557024] ACPI: button: Power Button [PWRB]
[    1.557070] input: Power Button as /devices/LNXSYSTM:00/LNXPWRBN:00/input/input2
[    1.557104] ACPI: button: Power Button [PWRF]
[    1.557426] smpboot: Estimated ratio of average max frequency by base frequency (times 1024): 1934
[    1.560270] ACPI: \_TZ_.TZ00: Invalid active2 threshold
[    1.561443] thermal LNXTHERM:00: registered as thermal_zone0
[    1.561448] ACPI: thermal: Thermal Zone [TZ00] (27 C)
[    1.563289] thermal LNXTHERM:01: registered as thermal_zone1
[    1.563293] ACPI: thermal: Thermal Zone [TZ01] (27 C)
[    1.563635] Serial: 8250/16550 driver, 32 ports, IRQ sharing enabled
[    1.568943] Linux agpgart interface v0.103
[    1.580381] loop: module loaded
[    1.580804] tun: Universal TUN/TAP device driver, 1.6
[    1.580883] PPP generic driver version 2.4.2
[    1.581090] VFIO - User Level meta-driver version: 0.3
[    1.581230] ehci_hcd: USB 2.0 'Enhanced' Host Controller (EHCI) Driver
[    1.581235] ehci-pci: EHCI PCI platform driver
[    1.581248] ehci-platform: EHCI generic platform driver
[    1.581259] ohci_hcd: USB 1.1 'Open' Host Controller (OHCI) Driver
[    1.581263] ohci-pci: OHCI PCI platform driver
[    1.581274] ohci-platform: OHCI generic platform driver
[    1.581283] uhci_hcd: USB Universal Host Controller Interface driver
[    1.581340] i8042: PNP: PS/2 Controller [PNP0303:PS2K] at 0x60,0x64 irq 1
[    1.581344] i8042: PNP: PS/2 appears to have AUX port disabled, if this is incorrect please boot with i8042.nopnp
[    1.582053] serio: i8042 KBD port at 0x60,0x64 irq 1
[    1.582281] mousedev: PS/2 mouse device common for all mice
[    1.583240] rtc_cmos 00:01: registered as rtc0
[    1.583372] rtc_cmos 00:01: setting system clock to 2022-07-01T10:03:32 UTC (1656669812)
[    1.583393] rtc_cmos 00:01: alarms up to one month, y3k, 242 bytes nvram, hpet irqs
[    1.583407] i2c_dev: i2c /dev entries driver
[    1.583777] device-mapper: core: CONFIG_IMA_DISABLE_HTABLE is disabled. Duplicate IMA measurements will not be recorded in the IMA log.
[    1.583823] device-mapper: uevent: version 1.0.3
[    1.583926] device-mapper: ioctl: 4.45.0-ioctl (2021-03-22) initialised: dm-devel@redhat.com
[    1.583952] platform eisa.0: Probing EISA bus 0
[    1.583960] platform eisa.0: EISA: Cannot allocate resource for mainboard
[    1.583962] platform eisa.0: Cannot allocate resource for EISA slot 1
[    1.583964] platform eisa.0: Cannot allocate resource for EISA slot 2
[    1.583966] platform eisa.0: Cannot allocate resource for EISA slot 3
[    1.583967] platform eisa.0: Cannot allocate resource for EISA slot 4
[    1.583969] platform eisa.0: Cannot allocate resource for EISA slot 5
[    1.583971] platform eisa.0: Cannot allocate resource for EISA slot 6
[    1.583972] platform eisa.0: Cannot allocate resource for EISA slot 7
[    1.583974] platform eisa.0: Cannot allocate resource for EISA slot 8
[    1.583976] platform eisa.0: EISA: Detected 0 cards
[    1.583980] intel_pstate: Intel P-state driver initializing
[    1.584676] intel_pstate: HWP enabled
[    1.584739] ledtrig-cpu: registered to indicate activity on CPUs
[    1.584773] efifb: probing for efifb
[    1.584790] efifb: showing boot graphics
[    1.585242] efifb: framebuffer at 0xd0000000, using 4128k, total 4128k
[    1.585245] efifb: mode is 1366x768x32, linelength=5504, pages=1
[    1.585247] efifb: scrolling: redraw
[    1.585247] efifb: Truecolor: size=8:8:8:8, shift=24:16:8:0
[    1.585330] fbcon: Deferring console take-over
[    1.585332] fb0: EFI VGA frame buffer device
[    1.585340] EFI Variables Facility v0.08 2004-May-17
[    1.594168] input: AT Translated Set 2 keyboard as /devices/platform/i8042/serio0/input/input3
[    1.627755] intel_pmc_core intel_pmc_core.0:  initialized
[    1.627778] drop_monitor: Initializing network drop monitor service
[    1.627884] NET: Registered PF_INET6 protocol family
[    1.630682] Segment Routing with IPv6
[    1.630689] In-situ OAM (IOAM) with IPv6
[    1.630705] NET: Registered PF_PACKET protocol family
[    1.630791] Key type dns_resolver registered
[    1.631159] microcode: sig=0x806ea, pf=0x80, revision=0xf0
[    1.631378] microcode: Microcode Update Driver: v2.2.
[    1.631381] IPI shorthand broadcast: enabled
[    1.631387] sched_clock: Marking stable (1630732671, 642831)->(1639692235, -8316733)
[    1.631573] registered taskstats version 1
[    1.631622] Loading compiled-in X.509 certificates
[    1.632148] Loaded X.509 cert 'Build time autogenerated kernel key: f6a2d5a2898a3bc781d6cb88a9112783831c308d'
[    1.632582] Loaded X.509 cert 'Canonical Ltd. Live Patch Signing: 14df34d1a87cf37625abec039ef2bf521249b969'
[    1.633020] Loaded X.509 cert 'Canonical Ltd. Kernel Module Signing: 88f752e560a1e0737e31163a466ad7b70a850c19'
[    1.633021] blacklist: Loading compiled-in revocation X.509 certificates
[    1.633035] Loaded X.509 cert 'Canonical Ltd. Secure Boot Signing: 61482aa2830d0ab2ad5af10b7250da9033ddcef0'
[    1.633198] zswap: loaded using pool lzo/zbud
[    1.633336] Key type ._fscrypt registered
[    1.633337] Key type .fscrypt registered
[    1.633338] Key type fscrypt-provisioning registered
[    1.633483] Key type trusted registered
[    1.635737] Key type encrypted registered
[    1.635740] AppArmor: AppArmor sha1 policy hashing enabled
[    1.636696] integrity: Loading X.509 certificate: UEFI:db
[    1.636717] integrity: Loaded X.509 cert 'Microsoft Windows Production PCA 2011: a92902398e16c49778cd90f99e4f9ae17c55af53'
[    1.636718] integrity: Loading X.509 certificate: UEFI:db
[    1.636734] integrity: Loaded X.509 cert 'Microsoft Corporation UEFI CA 2011: 13adbf4309bd82709c8cd54f316ed522988a1bd4'
[    1.636734] integrity: Loading X.509 certificate: UEFI:db
[    1.636743] integrity: Loaded X.509 cert ': 3d5bb49f5d3b7b9741b5cf19e3a82ced'
[    1.637569] Loading compiled-in module X.509 certificates
[    1.638005] Loaded X.509 cert 'Build time autogenerated kernel key: f6a2d5a2898a3bc781d6cb88a9112783831c308d'
[    1.638006] ima: Allocated hash algorithm: sha1
[    1.651946] ima: No architecture policies found
[    1.651954] evm: Initialising EVM extended attributes:
[    1.651954] evm: security.selinux
[    1.651955] evm: security.SMACK64
[    1.651956] evm: security.SMACK64EXEC
[    1.651956] evm: security.SMACK64TRANSMUTE
[    1.651957] evm: security.SMACK64MMAP
[    1.651957] evm: security.apparmor
[    1.651958] evm: security.ima
[    1.651958] evm: security.capability
[    1.651959] evm: HMAC attrs: 0x1
[    1.653482] PM:   Magic number: 14:651:71
[    1.653621] RAS: Correctable Errors collector initialized.
[    1.684380] ACPI: battery: Slot [BAT1] (battery present)
[    1.685822] Freeing unused decrypted memory: 2036K
[    1.686297] Freeing unused kernel image (initmem) memory: 2780K
[    1.721038] Write protecting the kernel read-only data: 30720k
[    1.722418] Freeing unused kernel image (text/rodata gap) memory: 2036K
[    1.723082] Freeing unused kernel image (rodata/data gap) memory: 1364K
[    1.797908] x86/mm: Checked W+X mappings: passed, no W+X pages found.
[    1.797909] x86/mm: Checking user space page tables
[    1.841235] x86/mm: Checked W+X mappings: passed, no W+X pages found.
[    1.841239] Run /init as init process
[    1.841240]   with arguments:
[    1.841241]     /init
[    1.841242]     splash
[    1.841242]   with environment:
[    1.841243]     HOME=/
[    1.841243]     TERM=linux
[    1.924537] hid: raw HID events driver (C) Jiri Kosina
[    1.925793] xhci_hcd 0000:00:14.0: xHCI Host Controller
[    1.925801] xhci_hcd 0000:00:14.0: new USB bus registered, assigned bus number 1
[    1.926308] ACPI: bus type drm_connector registered
[    1.926578] ahci 0000:00:17.0: version 3.0
[    1.926792] i801_smbus 0000:00:1f.4: SPD Write Disable is set
[    1.926841] i801_smbus 0000:00:1f.4: SMBus using PCI interrupt
[    1.926908] xhci_hcd 0000:00:14.0: hcc params 0x200077c1 hci version 0x100 quirks 0x0000000081109810
[    1.926909] ahci 0000:00:17.0: AHCI 0001.0301 32 slots 2 ports 6 Gbps 0x3 impl SATA mode
[    1.926913] ahci 0000:00:17.0: flags: 64bit ncq pm led clo only pio slum part deso sadm sds apst 
[    1.927342] scsi host0: ahci
[    1.927797] scsi host1: ahci
[    1.927850] ata1: SATA max UDMA/133 abar m2048@0xf7133000 port 0xf7133100 irq 125
[    1.927855] ata2: SATA max UDMA/133 abar m2048@0xf7133000 port 0xf7133180 irq 125
[    1.927994] usb usb1: New USB device found, idVendor=1d6b, idProduct=0002, bcdDevice= 5.17
[    1.927998] usb usb1: New USB device strings: Mfr=3, Product=2, SerialNumber=1
[    1.928000] usb usb1: Product: xHCI Host Controller
[    1.928005] usb usb1: Manufacturer: Linux 5.17.15-76051715-generic xhci-hcd
[    1.928007] usb usb1: SerialNumber: 0000:00:14.0
[    1.928177] hub 1-0:1.0: USB hub found
[    1.928196] hub 1-0:1.0: 12 ports detected
[    1.928478] r8169 0000:02:00.0: can't disable ASPM; OS doesn't have ASPM control
[    1.929192] intel-lpss 0000:00:15.0: enabling device (0000 -> 0002)
[    1.929511] idma64 idma64.0: Found Intel integrated DMA 64-bit
[    1.930902] cryptd: max_cpu_qlen set to 1000
[    1.931181] r8169 0000:02:00.0 eth0: RTL8106e, 98:83:89:c6:4a:05, XID 449, IRQ 127
[    1.933277] xhci_hcd 0000:00:14.0: xHCI Host Controller
[    1.933282] xhci_hcd 0000:00:14.0: new USB bus registered, assigned bus number 2
[    1.933285] xhci_hcd 0000:00:14.0: Host supports USB 3.0 SuperSpeed
[    1.933326] usb usb2: New USB device found, idVendor=1d6b, idProduct=0003, bcdDevice= 5.17
[    1.933329] usb usb2: New USB device strings: Mfr=3, Product=2, SerialNumber=1
[    1.933331] usb usb2: Product: xHCI Host Controller
[    1.933332] usb usb2: Manufacturer: Linux 5.17.15-76051715-generic xhci-hcd
[    1.933334] usb usb2: SerialNumber: 0000:00:14.0
[    1.933443] hub 2-0:1.0: USB hub found
[    1.933455] hub 2-0:1.0: 6 ports detected
[    1.935389] AVX2 version of gcm_enc/dec engaged.
[    1.935429] AES CTR mode by8 optimization enabled
[    1.938709] i2c i2c-0: 2/4 memory slots populated (from DMI)
[    1.939431] i2c i2c-0: Successfully instantiated SPD at 0x52
[    2.188855] usb 1-1: new low-speed USB device number 2 using xhci_hcd
[    2.244518] ata1: SATA link up 6.0 Gbps (SStatus 133 SControl 300)
[    2.244553] ata2: SATA link down (SStatus 4 SControl 300)
[    2.246442] ata1.00: ACPI cmd f5/00:00:00:00:00:00(SECURITY FREEZE LOCK) filtered out
[    2.246454] ata1.00: ACPI cmd b1/c1:00:00:00:00:00(DEVICE CONFIGURATION OVERLAY) filtered out
[    2.246737] ata1.00: ATA-11: Corsair Force LE200 SSD, SBFM71.0, max UDMA/133
[    2.246795] ata1.00: 468862128 sectors, multi 16: LBA48 NCQ (depth 32), AA
[    2.248612] ata1.00: ACPI cmd f5/00:00:00:00:00:00(SECURITY FREEZE LOCK) filtered out
[    2.248624] ata1.00: ACPI cmd b1/c1:00:00:00:00:00(DEVICE CONFIGURATION OVERLAY) filtered out
[    2.248780] ata1.00: configured for UDMA/133
[    2.259288] scsi 0:0:0:0: Direct-Access     ATA      Corsair Force LE 71.0 PQ: 0 ANSI: 5
[    2.259972] sd 0:0:0:0: Attached scsi generic sg0 type 0
[    2.260394] sd 0:0:0:0: [sda] 468862128 512-byte logical blocks: (240 GB/224 GiB)
[    2.260430] sd 0:0:0:0: [sda] Write Protect is off
[    2.260439] sd 0:0:0:0: [sda] Mode Sense: 00 3a 00 00
[    2.260480] sd 0:0:0:0: [sda] Write cache: enabled, read cache: enabled, doesn't support DPO or FUA
[    2.288356]  sda: sda1 sda2 sda3 sda4
[    2.317001] sd 0:0:0:0: [sda] Attached SCSI disk
[    2.334994] r8169 0000:02:00.0 enp2s0: renamed from eth0
[    2.340221] input: ATML3000:00 03EB:2168 Mouse as /devices/pci0000:00/0000:00:15.0/i2c_designware.0/i2c-1/i2c-ATML3000:00/0018:03EB:2168.0001/input/input5
[    2.340315] usb 1-1: New USB device found, idVendor=046d, idProduct=c05a, bcdDevice=63.00
[    2.340326] usb 1-1: New USB device strings: Mfr=1, Product=2, SerialNumber=0
[    2.340331] usb 1-1: Product: USB Optical Mouse
[    2.340335] usb 1-1: Manufacturer: Logitech
[    2.340703] input: ATML3000:00 03EB:2168 Touchpad as /devices/pci0000:00/0000:00:15.0/i2c_designware.0/i2c-1/i2c-ATML3000:00/0018:03EB:2168.0001/input/input6
[    2.341186] hid-generic 0018:03EB:2168.0001: input,hidraw0: I2C HID v1.00 Mouse [ATML3000:00 03EB:2168] on i2c-ATML3000:00
[    2.439722] checking generic (d0000000 408000) vs hw (f5000000 1000000)
[    2.439724] checking generic (d0000000 408000) vs hw (d0000000 10000000)
[    2.439726] fb0: switching to i915 from EFI VGA
[    2.439879] i915 0000:00:02.0: vgaarb: deactivate vga console
[    2.442179] i915 0000:00:02.0: vgaarb: changed VGA decodes: olddecodes=io+mem,decodes=io+mem:owns=io+mem
[    2.442555] i915 0000:00:02.0: [drm] Finished loading DMC firmware i915/kbl_dmc_ver1_04.bin (v1.4)
[    2.468989] usb 1-2: new low-speed USB device number 3 using xhci_hcd
[    2.485415] i915 0000:00:02.0: [drm] [ENCODER:102:DDI B/PHY B] is disabled/in DSI mode with an ungated DDI clock, gate it
[    2.515608] [drm] Initialized i915 1.6.0 20201103 for 0000:00:02.0 on minor 0
[    2.523194] ACPI: video: Video Device [GFX0] (multi-head: yes  rom: no  post: no)
[    2.524319] input: Video Bus as /devices/LNXSYSTM:00/LNXSYBUS:00/PNP0A08:00/LNXVIDEO:00/input/input7
[    2.524641] ACPI: video: Video Device [PEGP] (multi-head: no  rom: yes  post: no)
[    2.524731] input: Video Bus as /devices/LNXSYSTM:00/LNXSYBUS:00/PNP0A08:00/device:24/LNXVIDEO:01/input/input8
[    2.553877] fbcon: i915drmfb (fb0) is primary device
[    2.553883] fbcon: Deferring console take-over
[    2.553889] i915 0000:00:02.0: [drm] fb0: i915drmfb frame buffer device
[    2.622422] usb 1-2: New USB device found, idVendor=046d, idProduct=c31c, bcdDevice=64.00
[    2.622435] usb 1-2: New USB device strings: Mfr=1, Product=2, SerialNumber=0
[    2.622440] usb 1-2: Product: USB Keyboard
[    2.622444] usb 1-2: Manufacturer: Logitech
[    2.752795] usb 1-3: new full-speed USB device number 4 using xhci_hcd
[    2.904676] usb 1-3: New USB device found, idVendor=2341, idProduct=0043, bcdDevice= 0.01
[    2.904688] usb 1-3: New USB device strings: Mfr=1, Product=2, SerialNumber=220
[    2.904694] usb 1-3: Manufacturer: Arduino (www.arduino.cc)
[    2.904698] usb 1-3: SerialNumber: 5573630393935131A0A0
[    3.032873] usb 1-5: new full-speed USB device number 5 using xhci_hcd
[    3.182940] usb 1-5: New USB device found, idVendor=0cf3, idProduct=e500, bcdDevice= 0.01
[    3.182957] usb 1-5: New USB device strings: Mfr=0, Product=0, SerialNumber=0
[    3.312794] usb 1-6: new high-speed USB device number 6 using xhci_hcd
[    3.515066] usb 1-6: New USB device found, idVendor=2232, idProduct=1080, bcdDevice= 0.19
[    3.515079] usb 1-6: New USB device strings: Mfr=3, Product=1, SerialNumber=2
[    3.515084] usb 1-6: Product: Web Camera
[    3.515088] usb 1-6: Manufacturer: Generic
[    3.515091] usb 1-6: SerialNumber: 200901010001
[    3.533144] input: Logitech USB Optical Mouse as /devices/pci0000:00/0000:00:14.0/usb1/1-1/1-1:1.0/0003:046D:C05A.0002/input/input9
[    3.533280] hid-generic 0003:046D:C05A.0002: input,hidraw1: USB HID v1.11 Mouse [Logitech USB Optical Mouse] on usb-0000:00:14.0-1/input0
[    3.535634] input: Logitech USB Keyboard as /devices/pci0000:00/0000:00:14.0/usb1/1-2/1-2:1.0/0003:046D:C31C.0003/input/input10
[    3.593446] hid-generic 0003:046D:C31C.0003: input,hidraw2: USB HID v1.10 Keyboard [Logitech USB Keyboard] on usb-0000:00:14.0-2/input0
[    3.598785] input: Logitech USB Keyboard Consumer Control as /devices/pci0000:00/0000:00:14.0/usb1/1-2/1-2:1.1/0003:046D:C31C.0004/input/input11
[    3.657219] input: Logitech USB Keyboard System Control as /devices/pci0000:00/0000:00:14.0/usb1/1-2/1-2:1.1/0003:046D:C31C.0004/input/input12
[    3.657681] hid-generic 0003:046D:C31C.0004: input,hidraw3: USB HID v1.10 Device [Logitech USB Keyboard] on usb-0000:00:14.0-2/input1
[    3.657822] usbcore: registered new interface driver usbhid
[    3.657829] usbhid: USB HID core driver
[    3.769415] system76_acpi: loading out-of-tree module taints kernel.
[    3.769433] system76_acpi: module verification failed: signature and/or required key missing - tainting kernel
[    3.771417] system76: Model does not utilize this driver
[    3.845712] usbcore: registered new interface driver system76-io
[    3.952798] raid6: avx2x4   gen() 34865 MB/s
[    4.020801] raid6: avx2x2   gen() 34516 MB/s
[    4.088795] raid6: avx2x1   gen() 32517 MB/s
[    4.088796] raid6: using algorithm avx2x4 gen() 34865 MB/s
[    4.156792] raid6: .... xor() 12752 MB/s, rmw enabled
[    4.156793] raid6: using avx2x2 recovery algorithm
[    4.157680] xor: automatically using best checksumming function   avx       
[    4.158614] async_tx: api initialized (async)
[    4.434401] EXT4-fs (sda3): mounted filesystem with ordered data mode. Quota mode: none.
[    4.756531] systemd[1]: Inserted module 'autofs4'
[    4.877313] systemd[1]: Successfully credited entropy passed from boot loader.
[    4.881185] systemd[1]: systemd 249.11-0ubuntu3pop0~1650312774~22.04~cecf6af running in system mode (+PAM +AUDIT +SELINUX +APPARMOR +IMA +SMACK +SECCOMP +GCRYPT +GNUTLS -OPENSSL +ACL +BLKID +CURL +ELFUTILS -FIDO2 +IDN2 -IDN +IPTC +KMOD +LIBCRYPTSETUP -LIBFDISK +PCRE2 -PWQUALITY -P11KIT -QRENCODE +BZIP2 +LZ4 +XZ +ZLIB +ZSTD -XKBCOMMON +UTMP +SYSVINIT default-hierarchy=unified)
[    4.901092] systemd[1]: Detected architecture x86-64.
[    4.901816] systemd[1]: Hostname set to <pop-os>.
[    5.318190] systemd[1]: Queued start job for default target Graphical Interface.
[    5.319525] systemd[1]: Created slice Slice /system/modprobe.
[    5.319830] systemd[1]: Created slice Slice /system/postgresql.
[    5.320125] systemd[1]: Created slice Cryptsetup Units Slice.
[    5.320315] systemd[1]: Created slice User and Session Slice.
[    5.320402] systemd[1]: Started Forward Password Requests to Wall Directory Watch.
[    5.320582] systemd[1]: Set up automount Arbitrary Executable File Formats File System Automount Point.
[    5.320671] systemd[1]: Reached target User and Group Name Lookups.
[    5.320689] systemd[1]: Reached target Remote File Systems.
[    5.320703] systemd[1]: Reached target Slice Units.
[    5.320736] systemd[1]: Reached target Local Verity Protected Volumes.
[    5.320853] systemd[1]: Listening on Device-mapper event daemon FIFOs.
[    5.320949] systemd[1]: Listening on LVM2 poll daemon socket.
[    5.321056] systemd[1]: Listening on Syslog Socket.
[    5.321115] systemd[1]: Listening on initctl Compatibility Named Pipe.
[    5.321312] systemd[1]: Listening on Journal Audit Socket.
[    5.321405] systemd[1]: Listening on Journal Socket (/dev/log).
[    5.321528] systemd[1]: Listening on Journal Socket.
[    5.321662] systemd[1]: Listening on udev Control Socket.
[    5.321763] systemd[1]: Listening on udev Kernel Socket.
[    5.322474] systemd[1]: Mounting Huge Pages File System...
[    5.323208] systemd[1]: Mounting POSIX Message Queue File System...
[    5.323958] systemd[1]: Mounting Kernel Debug File System...
[    5.324733] systemd[1]: Mounting Kernel Trace File System...
[    5.326705] systemd[1]: Starting Journal Service...
[    5.326904] systemd[1]: Finished Availability of block devices.
[    5.327911] systemd[1]: Starting Set the console keyboard layout...
[    5.328796] systemd[1]: Starting Create List of Static Device Nodes...
[    5.329604] systemd[1]: Starting Monitoring of LVM2 mirrors, snapshots etc. using dmeventd or progress polling...
[    5.330826] systemd[1]: Starting Load Kernel Module configfs...
[    5.332089] systemd[1]: Starting Load Kernel Module drm...
[    5.333363] systemd[1]: Starting Load Kernel Module fuse...
[    5.334532] systemd[1]: Started Nameserver information manager.
[    5.336804] systemd[1]: Starting Load Kernel Modules...
[    5.337959] systemd[1]: Starting Remount Root and Kernel File Systems...
[    5.338861] systemd[1]: Starting Coldplug All udev Devices...
[    5.340877] systemd[1]: Mounted Huge Pages File System.
[    5.341173] systemd[1]: Mounted POSIX Message Queue File System.
[    5.341327] systemd[1]: Mounted Kernel Debug File System.
[    5.341416] systemd[1]: Mounted Kernel Trace File System.
[    5.341682] systemd[1]: Finished Create List of Static Device Nodes.
[    5.341947] systemd[1]: modprobe@configfs.service: Deactivated successfully.
[    5.342129] systemd[1]: Finished Load Kernel Module configfs.
[    5.342406] systemd[1]: modprobe@drm.service: Deactivated successfully.
[    5.342598] systemd[1]: Finished Load Kernel Module drm.
[    5.342877] systemd[1]: modprobe@fuse.service: Deactivated successfully.
[    5.343046] systemd[1]: Finished Load Kernel Module fuse.
[    5.343890] systemd[1]: Mounting FUSE Control File System...
[    5.344729] systemd[1]: Mounting Kernel Configuration File System...
[    5.346551] systemd[1]: Mounted FUSE Control File System.
[    5.346653] systemd[1]: Mounted Kernel Configuration File System.
[    5.350087] EXT4-fs (sda3): re-mounted. Quota mode: none.
[    5.351282] systemd[1]: Finished Remount Root and Kernel File Systems.
[    5.351447] systemd[1]: Condition check resulted in Platform Persistent Storage Archival being skipped.
[    5.352375] systemd[1]: Starting Load/Save Random Seed...
[    5.353528] systemd[1]: Starting Create System Users...
[    5.363078] systemd[1]: Finished Load/Save Random Seed.
[    5.363256] systemd[1]: Condition check resulted in First Boot Complete being skipped.
[    5.363368] lp: driver loaded but no devices found
[    5.366993] ppdev: user-space parallel port driver
[    5.369906] systemd[1]: Finished Create System Users.
[    5.370991] systemd[1]: Starting Create Static Device Nodes in /dev...
[    5.385604] systemd[1]: Started Journal Service.
[    5.393544] systemd-journald[415]: Received client request to flush runtime journal.
[    5.410724] IPMI message handler: version 39.2
[    5.414469] ipmi device interface
[    5.673228] Userspace governor deprecated: use thermal netlink notification instead
[    5.741987] ee1004 0-0052: 512 byte EE1004-compliant SPD EEPROM, read-only
[    5.786382] pstore: Using crash dump compression: deflate
[    5.786396] pstore: Registered efi as persistent store backend
[    5.796284] mei_me 0000:00:16.0: enabling device (0004 -> 0006)
[    5.839223] cfg80211: Loading compiled-in X.509 certificates for regulatory database
[    5.839603] cfg80211: Loaded X.509 cert 'sforshee: 00b28ddf47aef9cea7'
[    5.887040] input: ATML3000:00 03EB:2168 Mouse as /devices/pci0000:00/0000:00:15.0/i2c_designware.0/i2c-1/i2c-ATML3000:00/0018:03EB:2168.0001/input/input14
[    5.887230] input: ATML3000:00 03EB:2168 Touchpad as /devices/pci0000:00/0000:00:15.0/i2c_designware.0/i2c-1/i2c-ATML3000:00/0018:03EB:2168.0001/input/input15
[    5.887345] hid-multitouch 0018:03EB:2168.0001: input,hidraw0: I2C HID v1.00 Mouse [ATML3000:00 03EB:2168] on i2c-ATML3000:00
[    5.910641] RAPL PMU: API unit is 2^-32 Joules, 5 fixed counters, 655360 ms ovfl timer
[    5.910645] RAPL PMU: hw unit of domain pp0-core 2^-14 Joules
[    5.910646] RAPL PMU: hw unit of domain package 2^-14 Joules
[    5.910647] RAPL PMU: hw unit of domain dram 2^-14 Joules
[    5.910648] RAPL PMU: hw unit of domain pp1-gpu 2^-14 Joules
[    5.910649] RAPL PMU: hw unit of domain psys 2^-14 Joules
[    5.922284] cdc_acm 1-3:1.0: ttyACM0: USB ACM device
[    5.922306] usbcore: registered new interface driver cdc_acm
[    5.922307] cdc_acm: USB Abstract Control Model driver for USB modems and ISDN adapters
[    5.938875] nvidia: module license 'NVIDIA' taints kernel.
[    5.938879] Disabling lock debugging due to kernel taint
[    5.941894] proc_thermal 0000:00:04.0: enabling device (0000 -> 0002)
[    5.943616] intel_rapl_common: Found RAPL domain package
[    5.943622] intel_rapl_common: Found RAPL domain dram
[    6.003607] nvidia-nvlink: Nvlink Core is being initialized, major device number 510

[    6.004511] nvidia 0000:01:00.0: enabling device (0006 -> 0007)
[    6.008693] FAT-fs (sda2): Volume was not properly unmounted. Some data may be corrupt. Please run fsck.
[    6.018429] FAT-fs (sda1): Volume was not properly unmounted. Some data may be corrupt. Please run fsck.
[    6.026431] mc: Linux media interface: v0.10
[    6.028624] intel_rapl_common: Found RAPL domain package
[    6.028628] intel_rapl_common: Found RAPL domain core
[    6.028629] intel_rapl_common: Found RAPL domain uncore
[    6.028630] intel_rapl_common: Found RAPL domain dram
[    6.028631] intel_rapl_common: Found RAPL domain psys
[    6.036365] mei_hdcp 0000:00:16.0-b638ab7e-94e2-4ea2-a552-d1c54b627f04: bound 0000:00:02.0 (ops i915_hdcp_component_ops [i915])
[    6.036566] Bluetooth: Core ver 2.22
[    6.036585] NET: Registered PF_BLUETOOTH protocol family
[    6.036586] Bluetooth: HCI device and connection manager initialized
[    6.036590] Bluetooth: HCI socket layer initialized
[    6.036593] Bluetooth: L2CAP socket layer initialized
[    6.036597] Bluetooth: SCO socket layer initialized
[    6.083588] audit: type=1400 audit(1656669816.996:2): apparmor="STATUS" operation="profile_load" profile="unconfined" name="libreoffice-senddoc" pid=722 comm="apparmor_parser"
[    6.084108] audit: type=1400 audit(1656669816.996:3): apparmor="STATUS" operation="profile_load" profile="unconfined" name="libreoffice-oosplash" pid=721 comm="apparmor_parser"
[    6.084381] audit: type=1400 audit(1656669816.996:4): apparmor="STATUS" operation="profile_load" profile="unconfined" name="lsb_release" pid=715 comm="apparmor_parser"
[    6.084617] audit: type=1400 audit(1656669816.996:5): apparmor="STATUS" operation="profile_load" profile="unconfined" name="nvidia_modprobe" pid=716 comm="apparmor_parser"
[    6.084622] audit: type=1400 audit(1656669816.996:6): apparmor="STATUS" operation="profile_load" profile="unconfined" name="nvidia_modprobe//kmod" pid=716 comm="apparmor_parser"
[    6.085153] audit: type=1400 audit(1656669817.000:7): apparmor="STATUS" operation="profile_load" profile="unconfined" name="/usr/bin/man" pid=719 comm="apparmor_parser"
[    6.085158] audit: type=1400 audit(1656669817.000:8): apparmor="STATUS" operation="profile_load" profile="unconfined" name="man_filter" pid=719 comm="apparmor_parser"
[    6.085161] audit: type=1400 audit(1656669817.000:9): apparmor="STATUS" operation="profile_load" profile="unconfined" name="man_groff" pid=719 comm="apparmor_parser"
[    6.087570] audit: type=1400 audit(1656669817.000:10): apparmor="STATUS" operation="profile_load" profile="unconfined" name="libreoffice-xpdfimport" pid=724 comm="apparmor_parser"
[    6.089828] audit: type=1400 audit(1656669817.004:11): apparmor="STATUS" operation="profile_load" profile="unconfined" name="/usr/sbin/cups-browsed" pid=726 comm="apparmor_parser"
[    6.120539] NVRM: loading NVIDIA UNIX x86_64 Kernel Module  510.73.05  Sat May  7 05:30:26 UTC 2022
[    6.201777] videodev: Linux video capture interface: v2.00
[    6.260526] ath10k_pci 0000:03:00.0: enabling device (0000 -> 0002)
[    6.265024] ath10k_pci 0000:03:00.0: pci irq msi oper_irq_mode 2 irq_mode 0 reset_mode 0
[    6.266875] nvidia-modeset: Loading NVIDIA Kernel Mode Setting Driver for UNIX platforms  510.73.05  Sat May  7 05:21:20 UTC 2022
[    6.289721] [drm] [nvidia-drm] [GPU ID 0x00000100] Loading driver
[    6.305552] usbcore: registered new interface driver btusb
[    6.313102] ACPI Warning: \_SB.PCI0.RP01.PEGP._DSM: Argument #4 type mismatch - Found [Buffer], ACPI requires [Package] (20211217/nsarguments-61)
[    6.315884] Bluetooth: hci0: using rampatch file: qca/rampatch_usb_00000302.bin
[    6.315887] Bluetooth: hci0: QCA: patch rome 0x302 build 0x3e8, firmware rome 0x302 build 0x111
[    6.323284] usb 1-6: Found UVC 1.00 device Web Camera (2232:1080)
[    6.330427] intel_tcc_cooling: Programmable TCC Offset detected
[    6.333530] input: Web Camera: Web Camera as /devices/pci0000:00/0000:00:14.0/usb1/1-6/1-6:1.0/input/input16
[    6.333633] usbcore: registered new interface driver uvcvideo
[    6.346097] snd_hda_intel 0000:00:1f.3: DSP detected with PCI class/subclass/prog-if info 0x040100
[    6.346117] snd_hda_intel 0000:00:1f.3: enabling device (0000 -> 0002)
[    6.346300] snd_hda_intel 0000:00:1f.3: bound 0000:00:02.0 (ops i915_audio_component_bind_ops [i915])
[    6.349015] Adding 4193784k swap on /dev/mapper/cryptswap.  Priority:-2 extents:1 across:4193784k SSFS
[    6.445303] pcieport 0000:00:1c.5: AER: Multiple Corrected error received: 0000:00:1c.5
[    6.445311] pcieport 0000:00:1c.5: PCIe Bus Error: severity=Corrected, type=Physical Layer, (Receiver ID)
[    6.445312] pcieport 0000:00:1c.5:   device [8086:9d15] error status/mask=00000001/00002000
[    6.445314] pcieport 0000:00:1c.5:    [ 0] RxErr                 
[    6.458296] snd_hda_codec_realtek hdaudioC0D0: autoconfig for ALC256: line_outs=1 (0x14/0x0/0x0/0x0/0x0) type:speaker
[    6.458300] snd_hda_codec_realtek hdaudioC0D0:    speaker_outs=0 (0x0/0x0/0x0/0x0/0x0)
[    6.458302] snd_hda_codec_realtek hdaudioC0D0:    hp_outs=1 (0x21/0x0/0x0/0x0/0x0)
[    6.458303] snd_hda_codec_realtek hdaudioC0D0:    mono: mono_out=0x0
[    6.458304] snd_hda_codec_realtek hdaudioC0D0:    inputs:
[    6.458304] snd_hda_codec_realtek hdaudioC0D0:      Mic=0x19
[    6.458305] snd_hda_codec_realtek hdaudioC0D0:      Internal Mic=0x12
[    6.510171] input: HDA Intel PCH Mic as /devices/pci0000:00/0000:00:1f.3/sound/card0/input17
[    6.510263] input: HDA Intel PCH Headphone as /devices/pci0000:00/0000:00:1f.3/sound/card0/input18
[    6.510323] input: HDA Intel PCH HDMI/DP,pcm=3 as /devices/pci0000:00/0000:00:1f.3/sound/card0/input19
[    6.510392] input: HDA Intel PCH HDMI/DP,pcm=7 as /devices/pci0000:00/0000:00:1f.3/sound/card0/input20
[    6.510463] input: HDA Intel PCH HDMI/DP,pcm=8 as /devices/pci0000:00/0000:00:1f.3/sound/card0/input21
[    6.510545] input: HDA Intel PCH HDMI/DP,pcm=9 as /devices/pci0000:00/0000:00:1f.3/sound/card0/input22
[    6.510611] input: HDA Intel PCH HDMI/DP,pcm=10 as /devices/pci0000:00/0000:00:1f.3/sound/card0/input23
[    6.559806] ath10k_pci 0000:03:00.0: qca9377 hw1.1 target 0x05020001 chip_id 0x003821ff sub 144d:4133
[    6.559811] ath10k_pci 0000:03:00.0: kconfig debug 0 debugfs 1 tracing 1 dfs 0 testmode 0
[    6.560288] ath10k_pci 0000:03:00.0: firmware ver WLAN.TF.2.1-00021-QCARMSWP-1 api 6 features wowlan,ignore-otp crc32 42e41877
[    6.625652] ath10k_pci 0000:03:00.0: board_file api 2 bmi_id N/A crc32 8aedfa4a
[    6.655347] [drm] Initialized nvidia-drm 0.0.0 20160202 for 0000:01:00.0 on minor 1
[    6.683919] Bluetooth: hci0: using NVM file: qca/nvm_usb_00000302.bin
[    6.691935] nvidia_uvm: module uses symbols from proprietary module nvidia, inheriting taint.
[    6.695269] nvidia-uvm: Loaded the UVM driver, major device number 507.
[    6.719424] ath10k_pci 0000:03:00.0: htt-ver 3.56 wmi-op 4 htt-op 3 cal otp max-sta 32 raw 0 hwcrypto 1
[    6.802063] ath: EEPROM regdomain: 0x6c
[    6.802068] ath: EEPROM indicates we should expect a direct regpair map
[    6.802071] ath: Country alpha2 being used: 00
[    6.802072] ath: Regpair used: 0x6c
[    6.805066] ath10k_pci 0000:03:00.0 wlp3s0: renamed from wlan0
[    6.873815] Bluetooth: BNEP (Ethernet Emulation) ver 1.3
[    6.873818] Bluetooth: BNEP filters: protocol multicast
[    6.873822] Bluetooth: BNEP socket layer initialized
[    7.144872] RTL8208 Fast Ethernet r8169-0-200:00: attached PHY driver (mii_bus:phy_addr=r8169-0-200:00, irq=MAC)
[    7.221123] vboxdrv: Found 8 processor cores
[    7.240997] vboxdrv: TSC mode is Invariant, tentative frequency 1799999887 Hz
[    7.241001] vboxdrv: Successfully loaded version 6.1.34 r150636 (interface 0x00320000)
[    7.298374] Dynamic Preempt: full
[    7.350712] Dynamic Preempt: full
[    7.352085] NET: Registered PF_ALG protocol family
[    7.421876] r8169 0000:02:00.0 enp2s0: Link is Down
[    7.423688] pcieport 0000:00:1c.5: AER: Multiple Corrected error received: 0000:00:1c.5
[    7.423697] pcieport 0000:00:1c.5: PCIe Bus Error: severity=Corrected, type=Physical Layer, (Receiver ID)
[    7.423698] pcieport 0000:00:1c.5:   device [8086:9d15] error status/mask=00000001/00002000
[    7.423700] pcieport 0000:00:1c.5:    [ 0] RxErr                 
[    7.423704] pcieport 0000:00:1c.5: AER: Multiple Corrected error received: 0000:00:1c.5
[    7.423709] pcieport 0000:00:1c.5: AER: can't find device of ID00e5
[    7.423710] pcieport 0000:00:1c.5: AER: Multiple Corrected error received: 0000:00:1c.5
[    7.423713] pcieport 0000:00:1c.5: AER: can't find device of ID00e5
[    7.423714] pcieport 0000:00:1c.5: AER: Multiple Corrected error received: 0000:00:1c.5
[    7.423718] pcieport 0000:00:1c.5: AER: can't find device of ID00e5
[    7.423718] pcieport 0000:00:1c.5: AER: Multiple Corrected error received: 0000:00:1c.5
[    7.423722] pcieport 0000:00:1c.5: AER: can't find device of ID00e5
[    7.423723] pcieport 0000:00:1c.5: AER: Multiple Corrected error received: 0000:00:1c.5
[    7.423727] pcieport 0000:00:1c.5: AER: can't find device of ID00e5
[    7.423727] pcieport 0000:00:1c.5: AER: Multiple Corrected error received: 0000:00:1c.5
[    7.423731] pcieport 0000:00:1c.5: AER: can't find device of ID00e5
[    7.423732] pcieport 0000:00:1c.5: AER: Multiple Corrected error received: 0000:00:1c.5
[    7.423735] pcieport 0000:00:1c.5: AER: can't find device of ID00e5
[    7.455530] VBoxNetFlt: Successfully started.
[    7.458632] pcieport 0000:00:1c.5: AER: Multiple Corrected error received: 0000:00:1c.5
[    7.458641] pcieport 0000:00:1c.5: PCIe Bus Error: severity=Corrected, type=Physical Layer, (Receiver ID)
[    7.458643] pcieport 0000:00:1c.5:   device [8086:9d15] error status/mask=00000001/00002000
[    7.458644] pcieport 0000:00:1c.5:    [ 0] RxErr                 
[    7.458649] pcieport 0000:00:1c.5: AER: Multiple Corrected error received: 0000:00:1c.5
[    7.458653] pcieport 0000:00:1c.5: AER: can't find device of ID00e5
[    7.458654] pcieport 0000:00:1c.5: AER: Multiple Corrected error received: 0000:00:1c.5
[    7.458658] pcieport 0000:00:1c.5: AER: can't find device of ID00e5
[    7.458658] pcieport 0000:00:1c.5: AER: Multiple Corrected error received: 0000:00:1c.5
[    7.458662] pcieport 0000:00:1c.5: AER: can't find device of ID00e5
[    7.458663] pcieport 0000:00:1c.5: AER: Multiple Corrected error received: 0000:00:1c.5
[    7.458666] pcieport 0000:00:1c.5: AER: can't find device of ID00e5
[    7.458667] pcieport 0000:00:1c.5: AER: Multiple Corrected error received: 0000:00:1c.5
[    7.458671] pcieport 0000:00:1c.5: AER: can't find device of ID00e5
[    7.458671] pcieport 0000:00:1c.5: AER: Multiple Corrected error received: 0000:00:1c.5
[    7.458675] pcieport 0000:00:1c.5: AER: can't find device of ID00e5
[    7.458676] pcieport 0000:00:1c.5: AER: Multiple Corrected error received: 0000:00:1c.5
[    7.458679] pcieport 0000:00:1c.5: AER: can't find device of ID00e5
[    7.458680] pcieport 0000:00:1c.5: AER: Multiple Corrected error received: 0000:00:1c.5
[    7.458684] pcieport 0000:00:1c.5: AER: can't find device of ID00e5
[    7.458685] pcieport 0000:00:1c.5: AER: Multiple Corrected error received: 0000:00:1c.5
[    7.458690] pcieport 0000:00:1c.5: AER: can't find device of ID00e5
[    7.458691] pcieport 0000:00:1c.5: AER: Multiple Corrected error received: 0000:00:1c.5
[    7.458695] pcieport 0000:00:1c.5: AER: can't find device of ID00e5
[    7.460261] VBoxNetAdp: Successfully started.
[    7.564835] loop0: detected capacity change from 0 to 8
[    7.564977] Dev loop0: unable to read RDB block 8
[    7.564986]  loop0: unable to read partition table
[    7.564996] loop0: partition table beyond EOD, truncated
[    8.588043] Bluetooth: RFCOMM TTY layer initialized
[    8.588049] Bluetooth: RFCOMM socket layer initialized
[    8.588053] Bluetooth: RFCOMM ver 1.11
[   11.927785] rfkill: input handler disabled
[   12.660392] wlp3s0: authenticate with 74:3a:ef:ac:10:8f
[   12.688791] wlp3s0: send auth to 74:3a:ef:ac:10:8f (try 1/3)
[   12.689525] wlp3s0: authenticated
[   12.696758] wlp3s0: associate with 74:3a:ef:ac:10:8f (try 1/3)
[   12.698126] wlp3s0: RX AssocResp from 74:3a:ef:ac:10:8f (capab=0x11 status=0 aid=1)
[   12.700303] wlp3s0: associated
[   12.700389] ath: EEPROM regdomain: 0x804c
[   12.700390] ath: EEPROM indicates we should expect a country code
[   12.700391] ath: doing EEPROM country->regdmn map search
[   12.700391] ath: country maps to regdmn code: 0x3b
[   12.700392] ath: Country alpha2 being used: BR
[   12.700393] ath: Regpair used: 0x3b
[   12.700394] ath: regdomain 0x804c dynamically updated by country element
[   12.753035] wlp3s0: Limiting TX power to 24 (24 - 0) dBm as advertised by 74:3a:ef:ac:10:8f
[   12.781078] IPv6: ADDRCONF(NETDEV_CHANGE): wlp3s0: link becomes ready
[   13.504973] kauditd_printk_skb: 19 callbacks suppressed
[   13.504976] audit: type=1400 audit(1656669824.420:31): apparmor="DENIED" operation="capable" profile="/usr/sbin/cups-browsed" pid=1768 comm="cups-browsed" capability=23  capname="sys_nice"
[   20.383054] rfkill: input handler enabled
[   24.280662] rfkill: input handler disabled
[  120.093415] SUPR0GipMap: fGetGipCpu=0x1b
[  121.058415] vboxdrv: 0000000000000000 VMMR0.r0
[  121.221781] vboxdrv: 0000000000000000 VBoxDDR0.r0
[  121.315637] VMMR0InitVM: eflags=246 fKernelFeatures=0x0 (SUPKERNELFEATURES_SMAP=0)
[ 8882.513670] input: EDIFIER W820NB (AVRCP) as /devices/virtual/input/input24
[ 8886.013178] input: EDIFIER W820NB (AVRCP) as /devices/virtual/input/input25
[27313.309721] input: EDIFIER W820NB (AVRCP) as /devices/virtual/input/input26
[27377.719284] Bluetooth: hci0: SCO packet for unknown connection handle 3
[27377.719290] Bluetooth: hci0: SCO packet for unknown connection handle 3
[27377.719293] Bluetooth: hci0: SCO packet for unknown connection handle 3
[27383.071887] input: EDIFIER W820NB (AVRCP) as /devices/virtual/input/input27
[29353.800870] input: EDIFIER W820NB (AVRCP) as /devices/virtual/input/input28
[29367.874736] input: EDIFIER W820NB (AVRCP) as /devices/virtual/input/input29
[29490.051656] input: EDIFIER W820NB (AVRCP) as /devices/virtual/input/input30
[29518.826917] input: EDIFIER W820NB (AVRCP) as /devices/virtual/input/input31
[29970.908354] input: EDIFIER W820NB (AVRCP) as /devices/virtual/input/input32
[29995.258561] input: EDIFIER W820NB (AVRCP) as /devices/virtual/input/input33
[45950.386003] usb 1-3: USB disconnect, device number 4
[45953.145080] usb 1-1: USB disconnect, device number 2
[45954.031891] usb 1-2: USB disconnect, device number 3
[45959.590718] Dynamic Preempt: voluntary
[50130.558617] wlp3s0: deauthenticating from 74:3a:ef:ac:10:8f by local choice (Reason: 3=DEAUTH_LEAVING)
[50134.201791] rfkill: input handler enabled
[50135.408371] PM: suspend entry (deep)
[50135.716299] Filesystems sync: 0.307 seconds
[50135.722263] Freezing user space processes ... (elapsed 0.002 seconds) done.
[50135.724859] OOM killer disabled.
[50135.724860] Freezing remaining freezable tasks ... (elapsed 0.001 seconds) done.
[50135.726261] printk: Suspending console(s) (use no_console_suspend to debug)
[50135.768891] sd 0:0:0:0: [sda] Synchronizing SCSI cache
[50135.769018] sd 0:0:0:0: [sda] Stopping disk
[50136.060001] ACPI: EC: interrupt blocked
[50136.109861] ACPI: PM: Preparing to enter system sleep state S3
[50136.126480] ACPI: EC: event blocked
[50136.126485] ACPI: EC: EC stopped
[50136.126486] ACPI: PM: Saving platform NVS memory
[50136.126638] Disabling non-boot CPUs ...
[50136.129326] smpboot: CPU 1 is now offline
[50136.132585] smpboot: CPU 2 is now offline
[50136.135663] smpboot: CPU 3 is now offline
[50136.139552] smpboot: CPU 4 is now offline
[50136.142477] smpboot: CPU 5 is now offline
[50136.145253] smpboot: CPU 6 is now offline
[50136.147836] smpboot: CPU 7 is now offline
[50136.153458] ACPI: PM: Low-level resume complete
[50136.153511] ACPI: EC: EC started
[50136.153512] ACPI: PM: Restoring platform NVS memory
[50136.154689] Enabling non-boot CPUs ...
[50136.154750] x86: Booting SMP configuration:
[50136.154751] smpboot: Booting Node 0 Processor 1 APIC 0x2
[50136.158913] CPU1 is up
[50136.158939] smpboot: Booting Node 0 Processor 2 APIC 0x4
[50136.160953] CPU2 is up
[50136.160976] smpboot: Booting Node 0 Processor 3 APIC 0x6
[50136.163144] CPU3 is up
[50136.163170] smpboot: Booting Node 0 Processor 4 APIC 0x1
[50136.164032] CPU4 is up
[50136.164061] smpboot: Booting Node 0 Processor 5 APIC 0x3
[50136.164867] CPU5 is up
[50136.164894] smpboot: Booting Node 0 Processor 6 APIC 0x5
[50136.165746] CPU6 is up
[50136.165771] smpboot: Booting Node 0 Processor 7 APIC 0x7
[50136.166695] CPU7 is up
[50136.170138] ACPI: PM: Waking up from system sleep state S3
[50136.263650] ACPI: EC: interrupt unblocked
[50136.402806] nvidia 0000:01:00.0: Enabling HDA controller
[50136.405960] ACPI: EC: event unblocked
[50136.407749] ACPI: EC: 0 stale EC events cleared
[50136.408051] sd 0:0:0:0: [sda] Starting disk
[50136.409199] i915 0000:00:02.0: [drm] [ENCODER:94:DDI A/PHY A] is disabled/in DSI mode with an ungated DDI clock, gate it
[50136.409210] i915 0000:00:02.0: [drm] [ENCODER:102:DDI B/PHY B] is disabled/in DSI mode with an ungated DDI clock, gate it
[50136.722891] ata1: SATA link up 6.0 Gbps (SStatus 133 SControl 300)
[50136.722926] ata2: SATA link down (SStatus 4 SControl 300)
[50136.724813] ata1.00: ACPI cmd f5/00:00:00:00:00:00(SECURITY FREEZE LOCK) filtered out
[50136.724823] ata1.00: ACPI cmd b1/c1:00:00:00:00:00(DEVICE CONFIGURATION OVERLAY) filtered out
[50136.727141] ata1.00: ACPI cmd f5/00:00:00:00:00:00(SECURITY FREEZE LOCK) filtered out
[50136.727152] ata1.00: ACPI cmd b1/c1:00:00:00:00:00(DEVICE CONFIGURATION OVERLAY) filtered out
[50136.727301] ata1.00: configured for UDMA/133
[50136.754948] OOM killer enabled.
[50136.754950] Restarting tasks ... 
[50136.756477] mei_hdcp 0000:00:16.0-b638ab7e-94e2-4ea2-a552-d1c54b627f04: bound 0000:00:02.0 (ops i915_hdcp_component_ops [i915])
[50136.762990] done.
[50136.880057] PM: suspend exit
[50137.973063] rfkill: input handler disabled
[50137.979247] RTL8208 Fast Ethernet r8169-0-200:00: attached PHY driver (mii_bus:phy_addr=r8169-0-200:00, irq=MAC)
[50138.259659] r8169 0000:02:00.0 enp2s0: Link is Down
[50138.259916] pcieport 0000:00:1c.5: AER: Multiple Corrected error received: 0000:00:1c.5
[50138.259927] pcieport 0000:00:1c.5: PCIe Bus Error: severity=Corrected, type=Physical Layer, (Receiver ID)
[50138.259938] pcieport 0000:00:1c.5:   device [8086:9d15] error status/mask=00000081/00002000
[50138.259941] pcieport 0000:00:1c.5:    [ 0] RxErr                 
[50138.259942] pcieport 0000:00:1c.5:    [ 7] BadDLLP               
[50138.259947] pcieport 0000:00:1c.5: AER: Multiple Corrected error received: 0000:00:1c.5
[50138.259952] pcieport 0000:00:1c.5: AER: can't find device of ID00e5
[50138.259954] pcieport 0000:00:1c.5: AER: Multiple Corrected error received: 0000:00:1c.5
[50138.259959] pcieport 0000:00:1c.5: AER: can't find device of ID00e5
[50138.259960] pcieport 0000:00:1c.5: AER: Multiple Corrected error received: 0000:00:1c.5
[50138.259966] pcieport 0000:00:1c.5: AER: can't find device of ID00e5
[50138.259967] pcieport 0000:00:1c.5: AER: Multiple Corrected error received: 0000:00:1c.5
[50138.259972] pcieport 0000:00:1c.5: AER: can't find device of ID00e5
[50138.259973] pcieport 0000:00:1c.5: AER: Multiple Corrected error received: 0000:00:1c.5
[50138.259978] pcieport 0000:00:1c.5: AER: can't find device of ID00e5
[50138.259980] pcieport 0000:00:1c.5: AER: Multiple Corrected error received: 0000:00:1c.5
[50138.259985] pcieport 0000:00:1c.5: AER: can't find device of ID00e5
[50138.259986] pcieport 0000:00:1c.5: AER: Multiple Corrected error received: 0000:00:1c.5
[50138.259990] pcieport 0000:00:1c.5: AER: can't find device of ID00e5
[50138.259991] pcieport 0000:00:1c.5: AER: Multiple Corrected error received: 0000:00:1c.5
[50138.259996] pcieport 0000:00:1c.5: AER: can't find device of ID00e5
[50138.259997] pcieport 0000:00:1c.5: AER: Corrected error received: 0000:00:1c.5
[50138.260002] pcieport 0000:00:1c.5: AER: can't find device of ID00e5
[50138.298602] pcieport 0000:00:1c.5: AER: Multiple Corrected error received: 0000:00:1c.5
[50138.298611] pcieport 0000:00:1c.5: PCIe Bus Error: severity=Corrected, type=Physical Layer, (Receiver ID)
[50138.298613] pcieport 0000:00:1c.5:   device [8086:9d15] error status/mask=00000001/00002000
[50138.298615] pcieport 0000:00:1c.5:    [ 0] RxErr                 
[50143.609079] wlp3s0: authenticate with 74:3a:ef:ac:10:8f
[50143.637821] wlp3s0: send auth to 74:3a:ef:ac:10:8f (try 1/3)
[50143.638573] wlp3s0: authenticated
[50143.642308] wlp3s0: associate with 74:3a:ef:ac:10:8f (try 1/3)
[50143.643717] wlp3s0: RX AssocResp from 74:3a:ef:ac:10:8f (capab=0x11 status=0 aid=1)
[50143.646447] wlp3s0: associated
[50143.646897] ath: EEPROM regdomain: 0x804c
[50143.646906] ath: EEPROM indicates we should expect a country code
[50143.646909] ath: doing EEPROM country->regdmn map search
[50143.646913] ath: country maps to regdmn code: 0x3b
[50143.646917] ath: Country alpha2 being used: BR
[50143.646921] ath: Regpair used: 0x3b
[50143.646925] ath: regdomain 0x804c dynamically updated by country element
[50143.718864] wlp3s0: Limiting TX power to 24 (24 - 0) dBm as advertised by 74:3a:ef:ac:10:8f
[50143.719064] IPv6: ADDRCONF(NETDEV_CHANGE): wlp3s0: link becomes ready
teste2.txt
teste.txt
